<html>
<body>
<pre>
<h1>礦ision Build Log</h1>
<h2>Project:</h2>
D:\学习资料\单片机\19231096-陈浩宇\test\USER\test.uvprojx
Project File Date:  05/26/2022

<h2>Output:</h2>
Rebuild target 'Target 1'
compiling main.c...
main.c(29): warning:  #177-D: variable "t" was declared but never referenced
         u16 t,len;
main.c(29): warning:  #177-D: variable "len" was declared but never referenced
         u16 t,len;
main.c(30): warning:  #177-D: variable "str" was declared but never referenced
         u8* str[20];
main.c: 3 warnings, 0 errors
compiling stm32f10x_it.c...
compiling system_stm32f10x.c...
compiling delay.c...
compiling sys.c...
compiling usart.c...
compiling core_cm3.c...
assembling startup_stm32f10x_hd.s...
compiling misc.c...
compiling stm32f10x_adc.c...
compiling stm32f10x_bkp.c...
compiling stm32f10x_can.c...
compiling stm32f10x_cec.c...
compiling stm32f10x_crc.c...
compiling stm32f10x_dac.c...
compiling stm32f10x_dbgmcu.c...
compiling stm32f10x_dma.c...
compiling stm32f10x_exti.c...
compiling stm32f10x_flash.c...
compiling stm32f10x_fsmc.c...
compiling stm32f10x_gpio.c...
compiling stm32f10x_i2c.c...
compiling stm32f10x_iwdg.c...
compiling stm32f10x_pwr.c...
compiling stm32f10x_rcc.c...
compiling stm32f10x_rtc.c...
compiling stm32f10x_sdio.c...
compiling stm32f10x_spi.c...
compiling stm32f10x_tim.c...
compiling stm32f10x_usart.c...
compiling stm32f10x_wwdg.c...
compiling 24cxx.c...
compiling key.c...
compiling flash.c...
compiling led.c...
compiling MMC_SD.C...
compiling spi.c...
compiling ctiic.c...
compiling ft5206.c...
compiling gt9147.c...
compiling ott2001a.c...
compiling touch.c...
compiling usart2.c...
compiling lcd.c...
compiling myiic.c...
compiling mylcd.c...
..\HARDWARE\myLCD\mylcd.c(363): warning:  #186-D: pointless comparison of unsigned integer with zero
        for(j=0;j<myLCD_H%8;j++)
..\HARDWARE\myLCD\mylcd.c(385): warning:  #186-D: pointless comparison of unsigned integer with zero
          for(j=0;j<myLCD_W%8;j++)
..\HARDWARE\myLCD\mylcd.c(585): warning:  #177-D: variable "di" was declared but never referenced
        int di;
..\HARDWARE\myLCD\mylcd.c(720): warning:  #177-D: variable "enshow" was declared but never referenced
        u8 enshow=0;
..\HARDWARE\myLCD\mylcd.c: 4 warnings, 0 errors
compiling exti.c...
..\HARDWARE\EXTI\exti.c(68): warning:  #68-D: integer conversion resulted in a change of sign
                Temperature = -45+175*sum1/65535;
..\HARDWARE\EXTI\exti.c: 1 warning, 0 errors
compiling usmart.c...
compiling usmart_config.c...
compiling usmart_str.c...
compiling exfuns.c...
compiling fattester.c...
compiling mycc936.c...
compiling diskio.c...
compiling ff.c...
compiling fontupd.c...
compiling text.c...
compiling apsta.c...
compiling common.c...
..\ATK-ESP8266\common.c(596): warning:  #177-D: variable "time" was declared but never referenced
        u8 time[9];
..\ATK-ESP8266\common.c(597): warning:  #177-D: variable "p" was declared but never referenced
    u8 *p;
..\ATK-ESP8266\common.c: 2 warnings, 0 errors
compiling wifiap.c...
compiling wifista.c...
compiling malloc.c...
linking...
Program Size: Code=19576 RO-data=2900 RW-data=1384 ZI-data=4936  
FromELF: creating hex file...
"..\OBJ\test.axf" - 0 Error(s), 10 Warning(s).
</pre>
</body>
</html>
