Product: MDK-ARM Standard 5.10
Component: ARM Compiler 5.04 update 1 (build 49)
Tool: armlink [5040049]

==============================================================================

Section Cross References

    main.o(i.main) refers to delay.o(i.delay_init) for delay_init
    main.o(i.main) refers to misc.o(i.NVIC_PriorityGroupConfig) for NVIC_PriorityGroupConfig
    main.o(i.main) refers to usart.o(i.uart_init) for uart_init
    main.o(i.main) refers to usart2.o(i.USART2_Init) for USART2_Init
    main.o(i.main) refers to mylcd.o(i.Lcd_Init) for Lcd_Init
    main.o(i.main) refers to key.o(i.KEY_Init) for KEY_Init
    main.o(i.main) refers to exti.o(i.EXTIX_Init) for EXTIX_Init
    main.o(i.main) refers to myiic.o(i.IIC_Init) for IIC_Init
    main.o(i.main) refers to mylcd.o(i.myLCD_Clear) for myLCD_Clear
    main.o(i.main) refers to mylcd.o(i.myLCD_ShowString) for myLCD_ShowString
    main.o(i.main) refers to common.o(i.my_atk_8266_wifista_config) for my_atk_8266_wifista_config
    main.o(i.main) refers to 24cxx.o(i.SHT31_Getdata) for SHT31_Getdata
    main.o(i.main) refers to common.o(i.get_time) for get_time
    main.o(i.main) refers to exti.o(.data) for Humidity
    main.o(i.main) refers to common.o(.data) for Time
    system_stm32f10x.o(i.SetSysClock) refers to system_stm32f10x.o(i.SetSysClockTo72) for SetSysClockTo72
    system_stm32f10x.o(i.SystemCoreClockUpdate) refers to system_stm32f10x.o(.data) for SystemCoreClock
    system_stm32f10x.o(i.SystemInit) refers to system_stm32f10x.o(i.SetSysClock) for SetSysClock
    delay.o(i.delay_init) refers to misc.o(i.SysTick_CLKSourceConfig) for SysTick_CLKSourceConfig
    delay.o(i.delay_init) refers to system_stm32f10x.o(.data) for SystemCoreClock
    delay.o(i.delay_init) refers to delay.o(.data) for fac_us
    delay.o(i.delay_ms) refers to delay.o(.data) for fac_ms
    delay.o(i.delay_us) refers to delay.o(.data) for fac_us
    usart.o(i.USART1_IRQHandler) refers (Special) to use_no_semi_2.o(.text) for __use_no_semihosting
    usart.o(i.USART1_IRQHandler) refers to stm32f10x_usart.o(i.USART_GetITStatus) for USART_GetITStatus
    usart.o(i.USART1_IRQHandler) refers to stm32f10x_usart.o(i.USART_ReceiveData) for USART_ReceiveData
    usart.o(i.USART1_IRQHandler) refers to usart.o(.data) for USART_RX_STA
    usart.o(i.USART1_IRQHandler) refers to usart.o(.bss) for USART_RX_BUF
    usart.o(i._sys_exit) refers (Special) to use_no_semi_2.o(.text) for __use_no_semihosting
    usart.o(i.fputc) refers (Special) to use_no_semi_2.o(.text) for __use_no_semihosting
    usart.o(i.uart_init) refers (Special) to use_no_semi_2.o(.text) for __use_no_semihosting
    usart.o(i.uart_init) refers to stm32f10x_rcc.o(i.RCC_APB2PeriphClockCmd) for RCC_APB2PeriphClockCmd
    usart.o(i.uart_init) refers to stm32f10x_gpio.o(i.GPIO_Init) for GPIO_Init
    usart.o(i.uart_init) refers to misc.o(i.NVIC_Init) for NVIC_Init
    usart.o(i.uart_init) refers to stm32f10x_usart.o(i.USART_Init) for USART_Init
    usart.o(i.uart_init) refers to stm32f10x_usart.o(i.USART_ITConfig) for USART_ITConfig
    usart.o(i.uart_init) refers to stm32f10x_usart.o(i.USART_Cmd) for USART_Cmd
    usart.o(.bss) refers (Special) to use_no_semi_2.o(.text) for __use_no_semihosting
    usart.o(.data) refers (Special) to use_no_semi_2.o(.text) for __use_no_semihosting
    startup_stm32f10x_hd.o(STACK) refers (Special) to heapauxi.o(.text) for __use_two_region_memory
    startup_stm32f10x_hd.o(HEAP) refers (Special) to heapauxi.o(.text) for __use_two_region_memory
    startup_stm32f10x_hd.o(RESET) refers (Special) to heapauxi.o(.text) for __use_two_region_memory
    startup_stm32f10x_hd.o(RESET) refers to startup_stm32f10x_hd.o(STACK) for __initial_sp
    startup_stm32f10x_hd.o(RESET) refers to startup_stm32f10x_hd.o(.text) for Reset_Handler
    startup_stm32f10x_hd.o(RESET) refers to stm32f10x_it.o(i.NMI_Handler) for NMI_Handler
    startup_stm32f10x_hd.o(RESET) refers to stm32f10x_it.o(i.HardFault_Handler) for HardFault_Handler
    startup_stm32f10x_hd.o(RESET) refers to stm32f10x_it.o(i.MemManage_Handler) for MemManage_Handler
    startup_stm32f10x_hd.o(RESET) refers to stm32f10x_it.o(i.BusFault_Handler) for BusFault_Handler
    startup_stm32f10x_hd.o(RESET) refers to stm32f10x_it.o(i.UsageFault_Handler) for UsageFault_Handler
    startup_stm32f10x_hd.o(RESET) refers to stm32f10x_it.o(i.SVC_Handler) for SVC_Handler
    startup_stm32f10x_hd.o(RESET) refers to stm32f10x_it.o(i.DebugMon_Handler) for DebugMon_Handler
    startup_stm32f10x_hd.o(RESET) refers to stm32f10x_it.o(i.PendSV_Handler) for PendSV_Handler
    startup_stm32f10x_hd.o(RESET) refers to stm32f10x_it.o(i.SysTick_Handler) for SysTick_Handler
    startup_stm32f10x_hd.o(RESET) refers to exti.o(i.EXTI0_IRQHandler) for EXTI0_IRQHandler
    startup_stm32f10x_hd.o(RESET) refers to usmart.o(i.TIM2_IRQHandler) for TIM2_IRQHandler
    startup_stm32f10x_hd.o(RESET) refers to usart2.o(i.TIM4_IRQHandler) for TIM4_IRQHandler
[...]
    i.RCC_APB2PeriphClockCmd                 0x08002888   Section        0  stm32f10x_rcc.o(i.RCC_APB2PeriphClockCmd)
    i.RCC_APB2PeriphResetCmd                 0x080028a8   Section        0  stm32f10x_rcc.o(i.RCC_APB2PeriphResetCmd)
    i.RCC_GetClocksFreq                      0x080028c8   Section        0  stm32f10x_rcc.o(i.RCC_GetClocksFreq)
    i.SHT31_Getdata                          0x0800299c   Section        0  24cxx.o(i.SHT31_Getdata)
    i.SPI_Cmd                                0x08002a2c   Section        0  stm32f10x_spi.o(i.SPI_Cmd)
    i.SPI_I2S_GetFlagStatus                  0x08002a44   Section        0  stm32f10x_spi.o(i.SPI_I2S_GetFlagStatus)
    i.SPI_I2S_SendData                       0x08002a56   Section        0  stm32f10x_spi.o(i.SPI_I2S_SendData)
    i.SPI_Init                               0x08002a5a   Section        0  stm32f10x_spi.o(i.SPI_Init)
    i.STM_Port_Init                          0x08002a98   Section        0  mylcd.o(i.STM_Port_Init)
    i.SVC_Handler                            0x08002aec   Section        0  stm32f10x_it.o(i.SVC_Handler)
    i.SetSysClock                            0x08002aee   Section        0  system_stm32f10x.o(i.SetSysClock)
    SetSysClock                              0x08002aef   Thumb Code     8  system_stm32f10x.o(i.SetSysClock)
    i.SetSysClockTo72                        0x08002af8   Section        0  system_stm32f10x.o(i.SetSysClockTo72)
    SetSysClockTo72                          0x08002af9   Thumb Code   214  system_stm32f10x.o(i.SetSysClockTo72)
    i.SysTick_CLKSourceConfig                0x08002bd8   Section        0  misc.o(i.SysTick_CLKSourceConfig)
    i.SysTick_Handler                        0x08002c00   Section        0  stm32f10x_it.o(i.SysTick_Handler)
    i.SystemInit                             0x08002c04   Section        0  system_stm32f10x.o(i.SystemInit)
    i.TIM2_IRQHandler                        0x08002c64   Section        0  usmart.o(i.TIM2_IRQHandler)
    i.TIM4_IRQHandler                        0x08002c9c   Section        0  usart2.o(i.TIM4_IRQHandler)
    i.TIM4_Init                              0x08002ccc   Section        0  usart2.o(i.TIM4_Init)
    i.TIM4_Set                               0x08002d24   Section        0  usart2.o(i.TIM4_Set)
    i.TIM_ClearITPendingBit                  0x08002d4c   Section        0  stm32f10x_tim.o(i.TIM_ClearITPendingBit)
    i.TIM_Cmd                                0x08002d52   Section        0  stm32f10x_tim.o(i.TIM_Cmd)
    i.TIM_GetITStatus                        0x08002d6a   Section        0  stm32f10x_tim.o(i.TIM_GetITStatus)
    i.TIM_ITConfig                           0x08002d8c   Section        0  stm32f10x_tim.o(i.TIM_ITConfig)
    i.TIM_SetCounter                         0x08002d9e   Section        0  stm32f10x_tim.o(i.TIM_SetCounter)
    i.TIM_TimeBaseInit                       0x08002da4   Section        0  stm32f10x_tim.o(i.TIM_TimeBaseInit)
    i.Timer2_Init                            0x08002e48   Section        0  usmart.o(i.Timer2_Init)
    i.UART_DMA_Config                        0x08002ea2   Section        0  usart2.o(i.UART_DMA_Config)
    i.UART_DMA_Enable                        0x08002eea   Section        0  usart2.o(i.UART_DMA_Enable)
    i.USART1_IRQHandler                      0x08002f0c   Section        0  usart.o(i.USART1_IRQHandler)
    i.USART2_IRQHandler                      0x08002f94   Section        0  usart2.o(i.USART2_IRQHandler)
    i.USART2_Init                            0x08002ff8   Section        0  usart2.o(i.USART2_Init)
    i.USART_Cmd                              0x080030dc   Section        0  stm32f10x_usart.o(i.USART_Cmd)
    i.USART_DMACmd                           0x080030f4   Section        0  stm32f10x_usart.o(i.USART_DMACmd)
    i.USART_DeInit                           0x08003108   Section        0  stm32f10x_usart.o(i.USART_DeInit)
    i.USART_GetITStatus                      0x080031a4   Section        0  stm32f10x_usart.o(i.USART_GetITStatus)
    i.USART_ITConfig                         0x080031f8   Section        0  stm32f10x_usart.o(i.USART_ITConfig)
    i.USART_Init                             0x08003244   Section        0  stm32f10x_usart.o(i.USART_Init)
    i.USART_ReceiveData                      0x0800331c   Section        0  stm32f10x_usart.o(i.USART_ReceiveData)
    i.UsageFault_Handler                     0x08003326   Section        0  stm32f10x_it.o(i.UsageFault_Handler)
    i.__ARM_fpclassify                       0x0800332a   Section        0  fpclassify.o(i.__ARM_fpclassify)
    i._is_digit                              0x08003352   Section        0  __printf_wp.o(i._is_digit)
    i._sys_exit                              0x08003360   Section        0  usart.o(i._sys_exit)
    i.atk_8266_at_response                   0x08003364   Section        0  common.o(i.atk_8266_at_response)
    i.atk_8266_check_cmd                     0x080033a0   Section        0  common.o(i.atk_8266_check_cmd)
    i.atk_8266_quit_trans                    0x080033d4   Section        0  common.o(i.atk_8266_quit_trans)
    i.atk_8266_send_cmd                      0x08003444   Section        0  common.o(i.atk_8266_send_cmd)
    i.delay_init                             0x080034a4   Section        0  delay.o(i.delay_init)
    i.delay_ms                               0x080034e8   Section        0  delay.o(i.delay_ms)
    i.delay_us                               0x08003534   Section        0  delay.o(i.delay_us)
    i.fputc                                  0x08003580   Section        0  usart.o(i.fputc)
    i.get_time                               0x0800359c   Section        0  common.o(i.get_time)
    i.main                                   0x08003660   Section        0  main.o(i.main)
    i.myLCD_Address_Set                      0x08003718   Section        0  mylcd.o(i.myLCD_Address_Set)
    i.myLCD_Clear                            0x08003752   Section        0  mylcd.o(i.myLCD_Clear)
    i.myLCD_DrawPoint                        0x0800377e   Section        0  mylcd.o(i.myLCD_DrawPoint)
    i.myLCD_SPIWrit_Bus                      0x0800379c   Section        0  mylcd.o(i.myLCD_SPIWrit_Bus)
    i.myLCD_ShowChar                         0x080037bc   Section        0  mylcd.o(i.myLCD_ShowChar)
    i.myLCD_ShowNum                          0x0800388c   Section        0  mylcd.o(i.myLCD_ShowNum)
    i.myLCD_ShowString                       0x0800390c   Section        0  mylcd.o(i.myLCD_ShowString)
    i.myLCD_WR_DATA                          0x0800394c   Section        0  mylcd.o(i.myLCD_WR_DATA)
    i.myLCD_WR_DATA8                         0x08003984   Section        0  mylcd.o(i.myLCD_WR_DATA8)
    i.myLCD_WR_REG                           0x080039b4   Section        0  mylcd.o(i.myLCD_WR_REG)
    i.my_atk_8266_wifista_config             0x080039e4   Section        0  common.o(i.my_atk_8266_wifista_config)
    i.mypow                                  0x08003b5c   Section        0  mylcd.o(i.mypow)
    i.read_addr                              0x08003b72   Section        0  usmart.o(i.read_addr)
    i.u2_printf                              0x08003b78   Section        0  usart2.o(i.u2_printf)
    i.uart_init                              0x08003bb8   Section        0  usart.o(i.uart_init)
    i.usmart_cmd_rec                         0x08003c58   Section        0  usmart.o(i.usmart_cmd_rec)
    i.usmart_exe                             0x08003d08   Section        0  usmart.o(i.usmart_exe)
    i.usmart_get_aparm                       0x08003fe0   Section        0  usmart_str.o(i.usmart_get_aparm)
    i.usmart_get_cmdname                     0x080040a8   Section        0  usmart_str.o(i.usmart_get_cmdname)
    i.usmart_get_fname                       0x080040e0   Section        0  usmart_str.o(i.usmart_get_fname)
    i.usmart_get_fparam                      0x080042a0   Section        0  usmart_str.o(i.usmart_get_fparam)
    i.usmart_get_parmpos                     0x080043ac   Section        0  usmart_str.o(i.usmart_get_parmpos)
    i.usmart_get_runtime                     0x080043cc   Section        0  usmart.o(i.usmart_get_runtime)
    i.usmart_init                            0x0800440c   Section        0  usmart.o(i.usmart_init)
    i.usmart_pow                             0x08004434   Section        0  usmart_str.o(i.usmart_pow)
    i.usmart_reset_runtime                   0x0800444c   Section        0  usmart.o(i.usmart_reset_runtime)
    i.usmart_scan                            0x08004474   Section        0  usmart.o(i.usmart_scan)
    i.usmart_search_nextc                    0x08004530   Section        0  usmart_str.o(i.usmart_search_nextc)
    i.usmart_str2num                         0x08004546   Section        0  usmart_str.o(i.usmart_str2num)
    i.usmart_strcmp                          0x08004610   Section        0  usmart_str.o(i.usmart_strcmp)
    i.usmart_strcopy                         0x08004632   Section        0  usmart_str.o(i.usmart_strcopy)
    i.usmart_strlen                          0x08004648   Section        0  usmart_str.o(i.usmart_strlen)
    i.usmart_sys_cmd_exe                     0x08004660   Section        0  usmart.o(i.usmart_sys_cmd_exe)
    i.write_addr                             0x08004d44   Section        0  usmart.o(i.write_addr)
    locale$$code                             0x08004d48   Section       44  lc_numeric_c.o(locale$$code)
    locale$$code                             0x08004d74   Section       44  lc_ctype_c.o(locale$$code)
    x$fpl$printf1                            0x08004da0   Section        4  printf1.o(x$fpl$printf1)
    x$fpl$printf2                            0x08004da4   Section        4  printf2.o(x$fpl$printf2)
    .constdata                               0x08004da8   Section     1552  mylcd.o(.constdata)
    x$fpl$usenofp                            0x08004da8   Section        0  usenofp.o(x$fpl$usenofp)
    .constdata                               0x080053b8   Section       40  _printf_hex_int_ll_ptr.o(.constdata)
    uc_hextab                                0x080053b8   Data          20  _printf_hex_int_ll_ptr.o(.constdata)
    lc_hextab                                0x080053cc   Data          20  _printf_hex_int_ll_ptr.o(.constdata)
    .constdata                               0x080053e0   Section       17  __printf_flags_ss_wp.o(.constdata)
    maptable                                 0x080053e0   Data          17  __printf_flags_ss_wp.o(.constdata)
    .constdata                               0x080053f4   Section        8  _printf_wctomb.o(.constdata)
    initial_mbstate                          0x080053f4   Data           8  _printf_wctomb.o(.constdata)
    .constdata                               0x080053fc   Section       38  _printf_fp_hex.o(.constdata)
    lc_hextab                                0x080053fc   Data          19  _printf_fp_hex.o(.constdata)
    uc_hextab                                0x0800540f   Data          19  _printf_fp_hex.o(.constdata)
    .constdata                               0x08005424   Section      148  bigflt0.o(.constdata)
    tenpwrs_x                                0x08005424   Data          60  bigflt0.o(.constdata)
    tenpwrs_i                                0x08005460   Data          64  bigflt0.o(.constdata)
    .conststring                             0x080054b8   Section       40  usmart.o(.conststring)
    .conststring                             0x080054e0   Section      144  usmart_config.o(.conststring)
    .conststring                             0x08005570   Section      270  common.o(.conststring)
    locale$$data                             0x080056a0   Section       28  lc_numeric_c.o(locale$$data)
    __lcnum_c_name                           0x080056a4   Data           2  lc_numeric_c.o(locale$$data)
    __lcnum_c_start                          0x080056ac   Data           0  lc_numeric_c.o(locale$$data)
    __lcnum_c_point                          0x080056b8   Data           0  lc_numeric_c.o(locale$$data)
    __lcnum_c_thousands                      0x080056ba   Data           0  lc_numeric_c.o(locale$$data)
    __lcnum_c_grouping                       0x080056bb   Data           0  lc_numeric_c.o(locale$$data)
    locale$$data                             0x080056bc   Section      272  lc_ctype_c.o(locale$$data)
    __lcnum_c_end                            0x080056bc   Data           0  lc_numeric_c.o(locale$$data)
    __lcctype_c_name                         0x080056c0   Data           2  lc_ctype_c.o(locale$$data)
    __lcctype_c_start                        0x080056c8   Data           0  lc_ctype_c.o(locale$$data)
    __lcctype_c_end                          0x080057cc   Data           0  lc_ctype_c.o(locale$$data)
    .data                                    0x20000000   Section       20  system_stm32f10x.o(.data)
    .data                                    0x20000014   Section        4  delay.o(.data)
    fac_us                                   0x20000014   Data           1  delay.o(.data)
    fac_ms                                   0x20000016   Data           2  delay.o(.data)
    .data                                    0x20000018   Section        6  usart.o(.data)
    .data                                    0x2000001e   Section       20  stm32f10x_rcc.o(.data)
    APBAHBPrescTable                         0x2000001e   Data          16  stm32f10x_rcc.o(.data)
    ADCPrescTable                            0x2000002e   Data           4  stm32f10x_rcc.o(.data)
    .data                                    0x20000032   Section        2  usart2.o(.data)
    .data                                    0x20000034   Section      868  mylcd.o(.data)
    .data                                    0x20000398   Section        4  exti.o(.data)
    .data                                    0x2000039c   Section       28  usmart.o(.data)
    .data                                    0x200003b8   Section      276  usmart_config.o(.data)
    .data                                    0x200004cc   Section      153  common.o(.data)
    key_x                                    0x20000564   Data           1  common.o(.data)
    .bss                                     0x20000568   Section      200  usart.o(.bss)
    .bss                                     0x20000630   Section     3072  usart2.o(.bss)
    .bss                                     0x20001230   Section       30  common.o(.bss)
    .bss                                     0x20001250   Section       96  libspace.o(.bss)
    HEAP                                     0x200012b0   Section      512  startup_stm32f10x_hd.o(HEAP)
    Heap_Mem                                 0x200012b0   Data         512  startup_stm32f10x_hd.o(HEAP)
    STACK                                    0x200014b0   Section     1024  startup_stm32f10x_hd.o(STACK)
    Stack_Mem                                0x200014b0   Data        1024  startup_stm32f10x_hd.o(STACK)
    __initial_sp                             0x200018b0   Data           0  startup_stm32f10x_hd.o(STACK)

    Global Symbols

    Symbol Name                              Value     Ov Type        Size  Object(Section)

    BuildAttributes$$THM_ISAv4$P$D$K$B$S$PE$A:L22UL41UL21$X:L11$S22US41US21$IEEE1$IW$USESV6$~STKCKD$USESV7$~SHL$OTIME$ROPI$IEEEJ$EBA8$UX$STANDARDLIB$REQ8$PRES8$EABIv2 0x00000000   Number         0  anon$$obj.o ABSOLUTE
    __ARM_use_no_argv                        0x00000000   Number         0  main.o ABSOLUTE
    _printf_flags                            0x00000000   Number         0  printf_stubs.o ABSOLUTE
    _printf_return_value                     0x00000000   Number         0  printf_stubs.o ABSOLUTE
    _printf_sizespec                         0x00000000   Number         0  printf_stubs.o ABSOLUTE
    _printf_widthprec                        0x00000000   Number         0  printf_stubs.o ABSOLUTE
    __ARM_exceptions_init                     - Undefined Weak Reference
    __alloca_initialize                       - Undefined Weak Reference
    __cpp_initialize__aeabi_                  - Undefined Weak Reference
    __cxa_finalize                            - Undefined Weak Reference
    __sigvec_lookup                           - Undefined Weak Reference
    _atexit_init                              - Undefined Weak Reference
    _call_atexit_fns                          - Undefined Weak Reference
    _clock_init                               - Undefined Weak Reference
    _fp_trap_init                             - Undefined Weak Reference
    _fp_trap_shutdown                         - Undefined Weak Reference
    _get_lc_collate                           - Undefined Weak Reference
    _get_lc_monetary                          - Undefined Weak Reference
    _get_lc_time                              - Undefined Weak Reference
    _getenv_init                              - Undefined Weak Reference
    _handle_redirection                       - Undefined Weak Reference
    _init_alloc                               - Undefined Weak Reference
    _init_user_alloc                          - Undefined Weak Reference
    _initio                                   - Undefined Weak Reference
    _mutex_acquire                            - Undefined Weak Reference
    _mutex_release                            - Undefined Weak Reference
    _printf_mbtowc                            - Undefined Weak Reference
    _printf_wc                                - Undefined Weak Reference
    _rand_init                                - Undefined Weak Reference
    _signal_finish                            - Undefined Weak Reference
    _signal_init                              - Undefined Weak Reference
    _terminate_alloc                          - Undefined Weak Reference
    _terminate_user_alloc                     - Undefined Weak Reference
    _terminateio                              - Undefined Weak Reference
    __Vectors_Size                           0x00000130   Number         0  startup_stm32f10x_hd.o ABSOLUTE
    __Vectors                                0x08000000   Data           4  startup_stm32f10x_hd.o(RESET)
    __Vectors_End                            0x08000130   Data           0  startup_stm32f10x_hd.o(RESET)
    __main                                   0x08000131   Thumb Code     8  __main.o(!!!main)
    __scatterload                            0x08000139   Thumb Code     0  __scatter.o(!!!scatter)
    __scatterload_rt2                        0x08000139   Thumb Code    44  __scatter.o(!!!scatter)
    __scatterload_rt2_thumb_only             0x08000139   Thumb Code     0  __scatter.o(!!!scatter)
    __scatterload_null                       0x08000147   Thumb Code     0  __scatter.o(!!!scatter)
    __decompress                             0x0800016d   Thumb Code    90  __dczerorl2.o(!!dczerorl2)
    __decompress1                            0x0800016d   Thumb Code     0  __dczerorl2.o(!!dczerorl2)
    __scatterload_zeroinit                   0x080001c9   Thumb Code    28  __scatter_zi.o(!!handler_zi)
    _printf_n                                0x080001e5   Thumb Code     0  _printf_n.o(.ARM.Collect$$_printf_percent$$00000001)
    _printf_percent                          0x080001e5   Thumb Code     0  _printf_percent.o(.ARM.Collect$$_printf_percent$$00000000)
    _printf_p                                0x080001eb   Thumb Code     0  _printf_p.o(.ARM.Collect$$_printf_percent$$00000002)
    _printf_f                                0x080001f1   Thumb Code     0  _printf_f.o(.ARM.Collect$$_printf_percent$$00000003)
    _printf_e                                0x080001f7   Thumb Code     0  _printf_e.o(.ARM.Collect$$_printf_percent$$00000004)
    _printf_g                                0x080001fd   Thumb Code     0  _printf_g.o(.ARM.Collect$$_printf_percent$$00000005)
    _printf_a                                0x08000203   Thumb Code     0  _printf_a.o(.ARM.Collect$$_printf_percent$$00000006)
    _printf_ll                               0x08000209   Thumb Code     0  _printf_ll.o(.ARM.Collect$$_printf_percent$$00000007)
    _printf_i                                0x08000213   Thumb Code     0  _printf_i.o(.ARM.Collect$$_printf_percent$$00000008)
    _printf_d                                0x08000219   Thumb Code     0  _printf_d.o(.ARM.Collect$$_printf_percent$$00000009)
    _printf_u                                0x0800021f   Thumb Code     0  _printf_u.o(.ARM.Collect$$_printf_percent$$0000000A)
    _printf_o                                0x08000225   Thumb Code     0  _printf_o.o(.ARM.Collect$$_printf_percent$$0000000B)
    _printf_x                                0x0800022b   Thumb Code     0  _printf_x.o(.ARM.Collect$$_printf_percent$$0000000C)
    _printf_lli                              0x08000231   Thumb Code     0  _printf_lli.o(.ARM.Collect$$_printf_percent$$0000000D)
    _printf_lld                              0x08000237   Thumb Code     0  _printf_lld.o(.ARM.Collect$$_printf_percent$$0000000E)
    _printf_llu                              0x0800023d   Thumb Code     0  _printf_llu.o(.ARM.Collect$$_printf_percent$$0000000F)
    _printf_llo                              0x08000243   Thumb Code     0  _printf_llo.o(.ARM.Collect$$_printf_percent$$00000010)
    _printf_llx                              0x08000249   Thumb Code     0  _printf_llx.o(.ARM.Collect$$_printf_percent$$00000011)
    _printf_l                                0x0800024f   Thumb Code     0  _printf_l.o(.ARM.Collect$$_printf_percent$$00000012)
    _printf_c                                0x08000259   Thumb Code     0  _printf_c.o(.ARM.Collect$$_printf_percent$$00000013)
    _printf_s                                0x0800025f   Thumb Code     0  _printf_s.o(.ARM.Collect$$_printf_percent$$00000014)
    _printf_lc                               0x08000265   Thumb Code     0  _printf_lc.o(.ARM.Collect$$_printf_percent$$00000015)
    _printf_ls                               0x0800026b   Thumb Code     0  _printf_ls.o(.ARM.Collect$$_printf_percent$$00000016)
    _printf_percent_end                      0x08000271   Thumb Code     0  _printf_percent_end.o(.ARM.Collect$$_printf_percent$$00000017)
    __rt_lib_init                            0x08000275   Thumb Code     0  libinit.o(.ARM.Collect$$libinit$$00000000)
    __rt_lib_init_fp_1                       0x08000277   Thumb Code     0  libinit2.o(.ARM.Collect$$libinit$$00000002)
    __rt_lib_init_heap_1                     0x08000277   Thumb Code     0  libinit2.o(.ARM.Collect$$libinit$$00000008)
    __rt_lib_init_lc_common                  0x08000277   Thumb Code     0  libinit2.o(.ARM.Collect$$libinit$$0000000D)
    __rt_lib_init_rand_1                     0x08000277   Thumb Code     0  libinit2.o(.ARM.Collect$$libinit$$0000000C)
    __rt_lib_init_user_alloc_1               0x08000277   Thumb Code     0  libinit2.o(.ARM.Collect$$libinit$$0000000A)
    __rt_lib_init_lc_collate_1               0x0800027d   Thumb Code     0  libinit2.o(.ARM.Collect$$libinit$$0000000F)
    __rt_lib_init_lc_ctype_2                 0x0800027d   Thumb Code     0  libinit2.o(.ARM.Collect$$libinit$$00000010)
    __rt_lib_init_lc_ctype_1                 0x08000289   Thumb Code     0  libinit2.o(.ARM.Collect$$libinit$$00000011)
    __rt_lib_init_lc_monetary_1              0x08000289   Thumb Code     0  libinit2.o(.ARM.Collect$$libinit$$00000013)
    __rt_lib_init_lc_numeric_2               0x08000289   Thumb Code     0  libinit2.o(.ARM.Collect$$libinit$$00000014)
    __rt_lib_init_alloca_1                   0x08000293   Thumb Code     0  libinit2.o(.ARM.Collect$$libinit$$0000002C)
    __rt_lib_init_argv_1                     0x08000293   Thumb Code     0  libinit2.o(.ARM.Collect$$libinit$$0000002A)
    __rt_lib_init_atexit_1                   0x08000293   Thumb Code     0  libinit2.o(.ARM.Collect$$libinit$$00000019)
    __rt_lib_init_clock_1                    0x08000293   Thumb Code     0  libinit2.o(.ARM.Collect$$libinit$$0000001F)
    __rt_lib_init_cpp_1                      0x08000293   Thumb Code     0  libinit2.o(.ARM.Collect$$libinit$$00000030)
    __rt_lib_init_exceptions_1               0x08000293   Thumb Code     0  libinit2.o(.ARM.Collect$$libinit$$0000002E)
    __rt_lib_init_fp_trap_1                  0x08000293   Thumb Code     0  libinit2.o(.ARM.Collect$$libinit$$0000001D)
    __rt_lib_init_getenv_1                   0x08000293   Thumb Code     0  libinit2.o(.ARM.Collect$$libinit$$00000021)
    __rt_lib_init_lc_numeric_1               0x08000293   Thumb Code     0  libinit2.o(.ARM.Collect$$libinit$$00000015)
    __rt_lib_init_lc_time_1                  0x08000293   Thumb Code     0  libinit2.o(.ARM.Collect$$libinit$$00000017)
    __rt_lib_init_return                     0x08000293   Thumb Code     0  libinit2.o(.ARM.Collect$$libinit$$00000031)
    __rt_lib_init_signal_1                   0x08000293   Thumb Code     0  libinit2.o(.ARM.Collect$$libinit$$0000001B)
    __rt_lib_init_stdio_1                    0x08000293   Thumb Code     0  libinit2.o(.ARM.Collect$$libinit$$00000023)
    __rt_lib_shutdown                        0x08000295   Thumb Code     0  libshutdown.o(.ARM.Collect$$libshutdown$$00000000)
    __rt_lib_shutdown_fp_trap_1              0x08000297   Thumb Code     0  libshutdown2.o(.ARM.Collect$$libshutdown$$00000006)
    __rt_lib_shutdown_heap_1                 0x08000297   Thumb Code     0  libshutdown2.o(.ARM.Collect$$libshutdown$$0000000E)
    __rt_lib_shutdown_return                 0x08000297   Thumb Code     0  libshutdown2.o(.ARM.Collect$$libshutdown$$0000000F)
    __rt_lib_shutdown_signal_1               0x08000297   Thumb Code     0  libshutdown2.o(.ARM.Collect$$libshutdown$$00000009)
    __rt_lib_shutdown_stdio_1                0x08000297   Thumb Code     0  libshutdown2.o(.ARM.Collect$$libshutdown$$00000003)
    __rt_lib_shutdown_user_alloc_1           0x08000297   Thumb Code     0  libshutdown2.o(.ARM.Collect$$libshutdown$$0000000B)
    __rt_entry                               0x08000299   Thumb Code     0  rtentry.o(.ARM.Collect$$rtentry$$00000000)
    __rt_entry_presh_1                       0x08000299   Thumb Code     0  rtentry2.o(.ARM.Collect$$rtentry$$00000002)
    __rt_entry_sh                            0x08000299   Thumb Code     0  rtentry4.o(.ARM.Collect$$rtentry$$00000004)
    __rt_entry_li                            0x0800029f   Thumb Code     0  rtentry2.o(.ARM.Collect$$rtentry$$0000000A)
    __rt_entry_postsh_1                      0x0800029f   Thumb Code     0  rtentry2.o(.ARM.Collect$$rtentry$$00000009)
    __rt_entry_main                          0x080002a3   Thumb Code     0  rtentry2.o(.ARM.Collect$$rtentry$$0000000D)
    __rt_entry_postli_1                      0x080002a3   Thumb Code     0  rtentry2.o(.ARM.Collect$$rtentry$$0000000C)
    __rt_exit                                0x080002ab   Thumb Code     0  rtexit.o(.ARM.Collect$$rtexit$$00000000)
    __rt_exit_ls                             0x080002ad   Thumb Code     0  rtexit2.o(.ARM.Collect$$rtexit$$00000003)
    __rt_exit_prels_1                        0x080002ad   Thumb Code     0  rtexit2.o(.ARM.Collect$$rtexit$$00000002)
    __rt_exit_exit                           0x080002b1   Thumb Code     0  rtexit2.o(.ARM.Collect$$rtexit$$00000004)
    Reset_Handler                            0x080002b9   Thumb Code     8  startup_stm32f10x_hd.o(.text)
    ADC1_2_IRQHandler                        0x080002d3   Thumb Code     0  startup_stm32f10x_hd.o(.text)
    ADC3_IRQHandler                          0x080002d3   Thumb Code     0  startup_stm32f10x_hd.o(.text)
    CAN1_RX1_IRQHandler                      0x080002d3   Thumb Code     0  startup_stm32f10x_hd.o(.text)
    CAN1_SCE_IRQHandler                      0x080002d3   Thumb Code     0  startup_stm32f10x_hd.o(.text)
    DMA1_Channel1_IRQHandler                 0x080002d3   Thumb Code     0  startup_stm32f10x_hd.o(.text)
    DMA1_Channel2_IRQHandler                 0x080002d3   Thumb Code     0  startup_stm32f10x_hd.o(.text)
    DMA1_Channel3_IRQHandler                 0x080002d3   Thumb Code     0  startup_stm32f10x_hd.o(.text)
    DMA1_Channel4_IRQHandler                 0x080002d3   Thumb Code     0  startup_stm32f10x_hd.o(.text)
    DMA1_Channel5_IRQHandler                 0x080002d3   Thumb Code     0  startup_stm32f10x_hd.o(.text)
    DMA1_Channel6_IRQHandler                 0x080002d3   Thumb Code     0  startup_stm32f10x_hd.o(.text)
    DMA1_Channel7_IRQHandler                 0x080002d3   Thumb Code     0  startup_stm32f10x_hd.o(.text)
    DMA2_Channel1_IRQHandler                 0x080002d3   Thumb Code     0  startup_stm32f10x_hd.o(.text)
    DMA2_Channel2_IRQHandler                 0x080002d3   Thumb Code     0  startup_stm32f10x_hd.o(.text)
    DMA2_Channel3_IRQHandler                 0x080002d3   Thumb Code     0  startup_stm32f10x_hd.o(.text)
    DMA2_Channel4_5_IRQHandler               0x080002d3   Thumb Code     0  startup_stm32f10x_hd.o(.text)
    EXTI15_10_IRQHandler                     0x080002d3   Thumb Code     0  startup_stm32f10x_hd.o(.text)
    EXTI1_IRQHandler                         0x080002d3   Thumb Code     0  startup_stm32f10x_hd.o(.text)
    EXTI2_IRQHandler                         0x080002d3   Thumb Code     0  startup_stm32f10x_hd.o(.text)
    EXTI3_IRQHandler                         0x080002d3   Thumb Code     0  startup_stm32f10x_hd.o(.text)
    EXTI4_IRQHandler                         0x080002d3   Thumb Code     0  startup_stm32f10x_hd.o(.text)
    EXTI9_5_IRQHandler                       0x080002d3   Thumb Code     0  startup_stm32f10x_hd.o(.text)
    FLASH_IRQHandler                         0x080002d3   Thumb Code     0  startup_stm32f10x_hd.o(.text)
    FSMC_IRQHandler                          0x080002d3   Thumb Code     0  startup_stm32f10x_hd.o(.text)
    I2C1_ER_IRQHandler                       0x080002d3   Thumb Code     0  startup_stm32f10x_hd.o(.text)
    I2C1_EV_IRQHandler                       0x080002d3   Thumb Code     0  startup_stm32f10x_hd.o(.text)
    I2C2_ER_IRQHandler                       0x080002d3   Thumb Code     0  startup_stm32f10x_hd.o(.text)
    I2C2_EV_IRQHandler                       0x080002d3   Thumb Code     0  startup_stm32f10x_hd.o(.text)
    PVD_IRQHandler                           0x080002d3   Thumb Code     0  startup_stm32f10x_hd.o(.text)
    RCC_IRQHandler                           0x080002d3   Thumb Code     0  startup_stm32f10x_hd.o(.text)
    RTCAlarm_IRQHandler                      0x080002d3   Thumb Code     0  startup_stm32f10x_hd.o(.text)
    RTC_IRQHandler                           0x080002d3   Thumb Code     0  startup_stm32f10x_hd.o(.text)
    SDIO_IRQHandler                          0x080002d3   Thumb Code     0  startup_stm32f10x_hd.o(.text)
    SPI1_IRQHandler                          0x080002d3   Thumb Code     0  startup_stm32f10x_hd.o(.text)
    SPI2_IRQHandler                          0x080002d3   Thumb Code     0  startup_stm32f10x_hd.o(.text)
    SPI3_IRQHandler                          0x080002d3   Thumb Code     0  startup_stm32f10x_hd.o(.text)
    TAMPER_IRQHandler                        0x080002d3   Thumb Code     0  startup_stm32f10x_hd.o(.text)
    TIM1_BRK_IRQHandler                      0x080002d3   Thumb Code     0  startup_stm32f10x_hd.o(.text)
    TIM1_CC_IRQHandler                       0x080002d3   Thumb Code     0  startup_stm32f10x_hd.o(.text)
    TIM1_TRG_COM_IRQHandler                  0x080002d3   Thumb Code     0  startup_stm32f10x_hd.o(.text)
    TIM1_UP_IRQHandler                       0x080002d3   Thumb Code     0  startup_stm32f10x_hd.o(.text)
    TIM3_IRQHandler                          0x080002d3   Thumb Code     0  startup_stm32f10x_hd.o(.text)
    TIM5_IRQHandler                          0x080002d3   Thumb Code     0  startup_stm32f10x_hd.o(.text)
    TIM6_IRQHandler                          0x080002d3   Thumb Code     0  startup_stm32f10x_hd.o(.text)
    TIM7_IRQHandler                          0x080002d3   Thumb Code     0  startup_stm32f10x_hd.o(.text)
    TIM8_BRK_IRQHandler                      0x080002d3   Thumb Code     0  startup_stm32f10x_hd.o(.text)
    TIM8_CC_IRQHandler                       0x080002d3   Thumb Code     0  startup_stm32f10x_hd.o(.text)
    TIM8_TRG_COM_IRQHandler                  0x080002d3   Thumb Code     0  startup_stm32f10x_hd.o(.text)
    TIM8_UP_IRQHandler                       0x080002d3   Thumb Code     0  startup_stm32f10x_hd.o(.text)
    UART4_IRQHandler                         0x080002d3   Thumb Code     0  startup_stm32f10x_hd.o(.text)
    UART5_IRQHandler                         0x080002d3   Thumb Code     0  startup_stm32f10x_hd.o(.text)
    USART3_IRQHandler                        0x080002d3   Thumb Code     0  startup_stm32f10x_hd.o(.text)
    USBWakeUp_IRQHandler                     0x080002d3   Thumb Code     0  startup_stm32f10x_hd.o(.text)
    USB_HP_CAN1_TX_IRQHandler                0x080002d3   Thumb Code     0  startup_stm32f10x_hd.o(.text)
    USB_LP_CAN1_RX0_IRQHandler               0x080002d3   Thumb Code     0  startup_stm32f10x_hd.o(.text)
    WWDG_IRQHandler                          0x080002d3   Thumb Code     0  startup_stm32f10x_hd.o(.text)
    __user_initial_stackheap                 0x080002d5   Thumb Code     0  startup_stm32f10x_hd.o(.text)
    __use_no_semihosting                     0x080002f9   Thumb Code     2  use_no_semi_2.o(.text)
    vsprintf                                 0x080002fd   Thumb Code    32  vsprintf.o(.text)
    __2printf                                0x08000321   Thumb Code    20  __2printf.o(.text)
    _printf_pre_padding                      0x08000339   Thumb Code    44  _printf_pad.o(.text)
    _printf_post_padding                     0x08000365   Thumb Code    34  _printf_pad.o(.text)
    _printf_str                              0x08000387   Thumb Code    82  _printf_str.o(.text)
    _printf_int_dec                          0x080003d9   Thumb Code   100  _printf_dec.o(.text)
    _printf_longlong_hex                     0x0800044d   Thumb Code    86  _printf_hex_int_ll_ptr.o(.text)
    _printf_int_hex                          0x080004a3   Thumb Code    28  _printf_hex_int_ll_ptr.o(.text)
    _printf_ll_hex                           0x080004bf   Thumb Code    12  _printf_hex_int_ll_ptr.o(.text)
    _printf_hex_ptr                          0x080004cb   Thumb Code    18  _printf_hex_int_ll_ptr.o(.text)
    __printf                                 0x080004e1   Thumb Code   388  __printf_flags_ss_wp.o(.text)
    strstr                                   0x08000669   Thumb Code    36  strstr.o(.text)
    strlen                                   0x0800068d   Thumb Code    62  strlen.o(.text)
    strcmp                                   0x080006cd   Thumb Code   128  strcmpv7m.o(.text)
    __use_two_region_memory                  0x0800074d   Thumb Code     2  heapauxi.o(.text)
    __rt_heap_escrow$2region                 0x0800074f   Thumb Code     2  heapauxi.o(.text)
    __rt_heap_expand$2region                 0x08000751   Thumb Code     2  heapauxi.o(.text)
    __I$use$semihosting                      0x08000753   Thumb Code     0  use_no_semi.o(.text)
    __use_no_semihosting_swi                 0x08000753   Thumb Code     2  use_no_semi.o(.text)
    _printf_truncate_signed                  0x08000755   Thumb Code    18  _printf_truncate.o(.text)
    _printf_truncate_unsigned                0x08000767   Thumb Code    18  _printf_truncate.o(.text)
    _printf_int_common                       0x08000779   Thumb Code   178  _printf_intcommon.o(.text)
    _printf_charcount                        0x0800082b   Thumb Code    40  _printf_charcount.o(.text)
    _printf_char_common                      0x0800085f   Thumb Code    32  _printf_char_common.o(.text)
    _sputc                                   0x08000885   Thumb Code    10  _sputc.o(.text)
    _printf_cs_common                        0x0800088f   Thumb Code    20  _printf_char.o(.text)
    _printf_char                             0x080008a3   Thumb Code    16  _printf_char.o(.text)
    _printf_string                           0x080008b3   Thumb Code     8  _printf_char.o(.text)
    _printf_char_file                        0x080008bd   Thumb Code    32  _printf_char_file.o(.text)
    _printf_wctomb                           0x080008e1   Thumb Code   182  _printf_wctomb.o(.text)
    _printf_longlong_dec                     0x0800099d   Thumb Code   104  _printf_longlong_dec.o(.text)
    _printf_longlong_oct                     0x08000a15   Thumb Code    68  _printf_oct_int_ll.o(.text)
    _printf_int_oct                          0x08000a59   Thumb Code    24  _printf_oct_int_ll.o(.text)
    _printf_ll_oct                           0x08000a71   Thumb Code    12  _printf_oct_int_ll.o(.text)
    _ll_udiv10                               0x08000a85   Thumb Code   138  lludiv10.o(.text)
    __lib_sel_fp_printf                      0x08000b0f   Thumb Code     2  _printf_fp_dec.o(.text)
    _printf_fp_dec_real                      0x08000cbd   Thumb Code   616  _printf_fp_dec.o(.text)
    _printf_fp_hex_real                      0x08000f25   Thumb Code   750  _printf_fp_hex.o(.text)
    _printf_lcs_common                       0x0800121d   Thumb Code    20  _printf_wchar.o(.text)
    _printf_wchar                            0x08001231   Thumb Code    16  _printf_wchar.o(.text)
    _printf_wstring                          0x08001241   Thumb Code     8  _printf_wchar.o(.text)
    ferror                                   0x08001249   Thumb Code     8  ferror.o(.text)
    _wcrtomb                                 0x08001251   Thumb Code    64  _wcrtomb.o(.text)
    __user_libspace                          0x08001291   Thumb Code     8  libspace.o(.text)
    __user_perproc_libspace                  0x08001291   Thumb Code     0  libspace.o(.text)
    __user_perthread_libspace                0x08001291   Thumb Code     0  libspace.o(.text)
    __user_setup_stackheap                   0x08001299   Thumb Code    74  sys_stackheap_outer.o(.text)
    __rt_ctype_table                         0x080012e5   Thumb Code    16  rt_ctype_table.o(.text)
    __rt_locale                              0x080012f5   Thumb Code     8  rt_locale_intlibspace.o(.text)
    _printf_fp_infnan                        0x080012fd   Thumb Code   112  _printf_fp_infnan.o(.text)
    _btod_etento                             0x0800137d   Thumb Code   212  bigflt0.o(.text)
    exit                                     0x08001455   Thumb Code    12  exit.o(.text)
    _btod_d2e                                0x08001461   Thumb Code    62  btod.o(CL$$btod_d2e)
    _d2e_denorm_low                          0x0800149f   Thumb Code    70  btod.o(CL$$btod_d2e_denorm_low)
    _d2e_norm_op1                            0x080014e5   Thumb Code    96  btod.o(CL$$btod_d2e_norm_op1)
    __btod_div_common                        0x08001545   Thumb Code   696  btod.o(CL$$btod_div_common)
    _e2e                                     0x0800187d   Thumb Code   198  btod.o(CL$$btod_e2e)
    _btod_ediv                               0x08001943   Thumb Code    40  btod.o(CL$$btod_ediv)
    _btod_emul                               0x0800196b   Thumb Code    40  btod.o(CL$$btod_emul)
    __btod_mult_common                       0x08001993   Thumb Code   580  btod.o(CL$$btod_mult_common)
    BusFault_Handler                         0x08001bd7   Thumb Code     4  stm32f10x_it.o(i.BusFault_Handler)
    DMA_Cmd                                  0x08001bdb   Thumb Code    24  stm32f10x_dma.o(i.DMA_Cmd)
    DMA_DeInit                               0x08001bf5   Thumb Code   324  stm32f10x_dma.o(i.DMA_DeInit)
    DMA_GetCurrDataCounter                   0x08001d41   Thumb Code     8  stm32f10x_dma.o(i.DMA_GetCurrDataCounter)
    DMA_Init                                 0x08001d49   Thumb Code    60  stm32f10x_dma.o(i.DMA_Init)
    DMA_SetCurrDataCounter                   0x08001d85   Thumb Code     4  stm32f10x_dma.o(i.DMA_SetCurrDataCounter)
    DebugMon_Handler                         0x08001d89   Thumb Code     2  stm32f10x_it.o(i.DebugMon_Handler)
    EXTI0_IRQHandler                         0x08001d8d   Thumb Code   538  exti.o(i.EXTI0_IRQHandler)
    EXTIX_Init                               0x08002011   Thumb Code    82  exti.o(i.EXTIX_Init)
    EXTI_ClearITPendingBit                   0x08002065   Thumb Code     6  stm32f10x_exti.o(i.EXTI_ClearITPendingBit)
    EXTI_Init                                0x08002071   Thumb Code   142  stm32f10x_exti.o(i.EXTI_Init)
    GPIO_EXTILineConfig                      0x08002105   Thumb Code    60  stm32f10x_gpio.o(i.GPIO_EXTILineConfig)
    GPIO_Init                                0x08002145   Thumb Code   278  stm32f10x_gpio.o(i.GPIO_Init)
    GPIO_ReadInputDataBit                    0x0800225b   Thumb Code    18  stm32f10x_gpio.o(i.GPIO_ReadInputDataBit)
    GPIO_ResetBits                           0x0800226d   Thumb Code     4  stm32f10x_gpio.o(i.GPIO_ResetBits)
    GPIO_SetBits                             0x08002271   Thumb Code     4  stm32f10x_gpio.o(i.GPIO_SetBits)
    HardFault_Handler                        0x08002275   Thumb Code     4  stm32f10x_it.o(i.HardFault_Handler)
    Hardware_SPI_Init                        0x08002279   Thumb Code    88  mylcd.o(i.Hardware_SPI_Init)
    IIC_Ack                                  0x080022d5   Thumb Code    66  myiic.o(i.IIC_Ack)
    IIC_Init                                 0x08002325   Thumb Code    46  myiic.o(i.IIC_Init)
    IIC_NAck                                 0x08002359   Thumb Code    66  myiic.o(i.IIC_NAck)
    IIC_Read_Byte                            0x080023a9   Thumb Code    98  myiic.o(i.IIC_Read_Byte)
    IIC_Send_Byte                            0x08002419   Thumb Code    90  myiic.o(i.IIC_Send_Byte)
    IIC_Start                                0x08002481   Thumb Code    64  myiic.o(i.IIC_Start)
    IIC_Stop                                 0x080024cd   Thumb Code    62  myiic.o(i.IIC_Stop)
    IIC_Wait_Ack                             0x08002519   Thumb Code    86  myiic.o(i.IIC_Wait_Ack)
    KEY_Init                                 0x0800257d   Thumb Code    32  key.o(i.KEY_Init)
    Lcd_Init                                 0x080025a1   Thumb Code   498  mylcd.o(i.Lcd_Init)
    MemManage_Handler                        0x08002799   Thumb Code     4  stm32f10x_it.o(i.MemManage_Handler)
    NMI_Handler                              0x0800279d   Thumb Code     2  stm32f10x_it.o(i.NMI_Handler)
    NVIC_Init                                0x080027a1   Thumb Code   100  misc.o(i.NVIC_Init)
    NVIC_PriorityGroupConfig                 0x08002811   Thumb Code    10  misc.o(i.NVIC_PriorityGroupConfig)
    PendSV_Handler                           0x08002825   Thumb Code     2  stm32f10x_it.o(i.PendSV_Handler)
    RCC_AHBPeriphClockCmd                    0x08002829   Thumb Code    26  stm32f10x_rcc.o(i.RCC_AHBPeriphClockCmd)
    RCC_APB1PeriphClockCmd                   0x08002849   Thumb Code    26  stm32f10x_rcc.o(i.RCC_APB1PeriphClockCmd)
    RCC_APB1PeriphResetCmd                   0x08002869   Thumb Code    26  stm32f10x_rcc.o(i.RCC_APB1PeriphResetCmd)
    RCC_APB2PeriphClockCmd                   0x08002889   Thumb Code    26  stm32f10x_rcc.o(i.RCC_APB2PeriphClockCmd)
    RCC_APB2PeriphResetCmd                   0x080028a9   Thumb Code    26  stm32f10x_rcc.o(i.RCC_APB2PeriphResetCmd)
    RCC_GetClocksFreq                        0x080028c9   Thumb Code   192  stm32f10x_rcc.o(i.RCC_GetClocksFreq)
    SHT31_Getdata                            0x0800299d   Thumb Code   144  24cxx.o(i.SHT31_Getdata)
    SPI_Cmd                                  0x08002a2d   Thumb Code    24  stm32f10x_spi.o(i.SPI_Cmd)
    SPI_I2S_GetFlagStatus                    0x08002a45   Thumb Code    18  stm32f10x_spi.o(i.SPI_I2S_GetFlagStatus)
    SPI_I2S_SendData                         0x08002a57   Thumb Code     4  stm32f10x_spi.o(i.SPI_I2S_SendData)
    SPI_Init                                 0x08002a5b   Thumb Code    60  stm32f10x_spi.o(i.SPI_Init)
    STM_Port_Init                            0x08002a99   Thumb Code    80  mylcd.o(i.STM_Port_Init)
    SVC_Handler                              0x08002aed   Thumb Code     2  stm32f10x_it.o(i.SVC_Handler)
    SysTick_CLKSourceConfig                  0x08002bd9   Thumb Code    40  misc.o(i.SysTick_CLKSourceConfig)
    SysTick_Handler                          0x08002c01   Thumb Code     2  stm32f10x_it.o(i.SysTick_Handler)
    SystemInit                               0x08002c05   Thumb Code    78  system_stm32f10x.o(i.SystemInit)
    TIM2_IRQHandler                          0x08002c65   Thumb Code    52  usmart.o(i.TIM2_IRQHandler)
    TIM4_IRQHandler                          0x08002c9d   Thumb Code    40  usart2.o(i.TIM4_IRQHandler)
    TIM4_Init                                0x08002ccd   Thumb Code    82  usart2.o(i.TIM4_Init)
    TIM4_Set                                 0x08002d25   Thumb Code    34  usart2.o(i.TIM4_Set)
    TIM_ClearITPendingBit                    0x08002d4d   Thumb Code     6  stm32f10x_tim.o(i.TIM_ClearITPendingBit)
    TIM_Cmd                                  0x08002d53   Thumb Code    24  stm32f10x_tim.o(i.TIM_Cmd)
    TIM_GetITStatus                          0x08002d6b   Thumb Code    34  stm32f10x_tim.o(i.TIM_GetITStatus)
    TIM_ITConfig                             0x08002d8d   Thumb Code    18  stm32f10x_tim.o(i.TIM_ITConfig)
    TIM_SetCounter                           0x08002d9f   Thumb Code     4  stm32f10x_tim.o(i.TIM_SetCounter)
    TIM_TimeBaseInit                         0x08002da5   Thumb Code   122  stm32f10x_tim.o(i.TIM_TimeBaseInit)
    Timer2_Init                              0x08002e49   Thumb Code    90  usmart.o(i.Timer2_Init)
    UART_DMA_Config                          0x08002ea3   Thumb Code    72  usart2.o(i.UART_DMA_Config)
    UART_DMA_Enable                          0x08002eeb   Thumb Code    32  usart2.o(i.UART_DMA_Enable)
    USART1_IRQHandler                        0x08002f0d   Thumb Code   122  usart.o(i.USART1_IRQHandler)
    USART2_IRQHandler                        0x08002f95   Thumb Code    84  usart2.o(i.USART2_IRQHandler)
    USART2_Init                              0x08002ff9   Thumb Code   206  usart2.o(i.USART2_Init)
    USART_Cmd                                0x080030dd   Thumb Code    24  stm32f10x_usart.o(i.USART_Cmd)
    USART_DMACmd                             0x080030f5   Thumb Code    18  stm32f10x_usart.o(i.USART_DMACmd)
    USART_DeInit                             0x08003109   Thumb Code   134  stm32f10x_usart.o(i.USART_DeInit)
    USART_GetITStatus                        0x080031a5   Thumb Code    84  stm32f10x_usart.o(i.USART_GetITStatus)
    USART_ITConfig                           0x080031f9   Thumb Code    74  stm32f10x_usart.o(i.USART_ITConfig)
    USART_Init                               0x08003245   Thumb Code   210  stm32f10x_usart.o(i.USART_Init)
    USART_ReceiveData                        0x0800331d   Thumb Code    10  stm32f10x_usart.o(i.USART_ReceiveData)
    UsageFault_Handler                       0x08003327   Thumb Code     4  stm32f10x_it.o(i.UsageFault_Handler)
    __ARM_fpclassify                         0x0800332b   Thumb Code    40  fpclassify.o(i.__ARM_fpclassify)
    _is_digit                                0x08003353   Thumb Code    14  __printf_wp.o(i._is_digit)
    _sys_exit                                0x08003361   Thumb Code     4  usart.o(i._sys_exit)
    atk_8266_at_response                     0x08003365   Thumb Code    46  common.o(i.atk_8266_at_response)
    atk_8266_check_cmd                       0x080033a1   Thumb Code    44  common.o(i.atk_8266_check_cmd)
    atk_8266_quit_trans                      0x080033d5   Thumb Code   100  common.o(i.atk_8266_quit_trans)
    atk_8266_send_cmd                        0x08003445   Thumb Code    84  common.o(i.atk_8266_send_cmd)
    delay_init                               0x080034a5   Thumb Code    50  delay.o(i.delay_init)
    delay_ms                                 0x080034e9   Thumb Code    72  delay.o(i.delay_ms)
    delay_us                                 0x08003535   Thumb Code    72  delay.o(i.delay_us)
    fputc                                    0x08003581   Thumb Code    24  usart.o(i.fputc)
    get_time                                 0x0800359d   Thumb Code   134  common.o(i.get_time)
    main                                     0x08003661   Thumb Code   126  main.o(i.main)
    myLCD_Address_Set                        0x08003719   Thumb Code    58  mylcd.o(i.myLCD_Address_Set)
    myLCD_Clear                              0x08003753   Thumb Code    44  mylcd.o(i.myLCD_Clear)
    myLCD_DrawPoint                          0x0800377f   Thumb Code    28  mylcd.o(i.myLCD_DrawPoint)
    myLCD_SPIWrit_Bus                        0x0800379d   Thumb Code    28  mylcd.o(i.myLCD_SPIWrit_Bus)
    myLCD_ShowChar                           0x080037bd   Thumb Code   200  mylcd.o(i.myLCD_ShowChar)
    myLCD_ShowNum                            0x0800388d   Thumb Code   128  mylcd.o(i.myLCD_ShowNum)
    myLCD_ShowString                         0x0800390d   Thumb Code    64  mylcd.o(i.myLCD_ShowString)
    myLCD_WR_DATA                            0x0800394d   Thumb Code    50  mylcd.o(i.myLCD_WR_DATA)
    myLCD_WR_DATA8                           0x08003985   Thumb Code    42  mylcd.o(i.myLCD_WR_DATA8)
    myLCD_WR_REG                             0x080039b5   Thumb Code    42  mylcd.o(i.myLCD_WR_REG)
    my_atk_8266_wifista_config               0x080039e5   Thumb Code   198  common.o(i.my_atk_8266_wifista_config)
    mypow                                    0x08003b5d   Thumb Code    22  mylcd.o(i.mypow)
    read_addr                                0x08003b73   Thumb Code     6  usmart.o(i.read_addr)
    u2_printf                                0x08003b79   Thumb Code    56  usart2.o(i.u2_printf)
    uart_init                                0x08003bb9   Thumb Code   152  usart.o(i.uart_init)
    usmart_cmd_rec                           0x08003c59   Thumb Code   170  usmart.o(i.usmart_cmd_rec)
    usmart_exe                               0x08003d09   Thumb Code   634  usmart.o(i.usmart_exe)
    usmart_get_aparm                         0x08003fe1   Thumb Code   200  usmart_str.o(i.usmart_get_aparm)
    usmart_get_cmdname                       0x080040a9   Thumb Code    54  usmart_str.o(i.usmart_get_cmdname)
    usmart_get_fname                         0x080040e1   Thumb Code   440  usmart_str.o(i.usmart_get_fname)
    usmart_get_fparam                        0x080042a1   Thumb Code   262  usmart_str.o(i.usmart_get_fparam)
    usmart_get_parmpos                       0x080043ad   Thumb Code    26  usmart_str.o(i.usmart_get_parmpos)
    usmart_get_runtime                       0x080043cd   Thumb Code    58  usmart.o(i.usmart_get_runtime)
    usmart_init                              0x0800440d   Thumb Code    36  usmart.o(i.usmart_init)
    usmart_pow                               0x08004435   Thumb Code    22  usmart_str.o(i.usmart_pow)
    usmart_reset_runtime                     0x0800444d   Thumb Code    34  usmart.o(i.usmart_reset_runtime)
    usmart_scan                              0x08004475   Thumb Code   120  usmart.o(i.usmart_scan)
    usmart_search_nextc                      0x08004531   Thumb Code    22  usmart_str.o(i.usmart_search_nextc)
    usmart_str2num                           0x08004547   Thumb Code   202  usmart_str.o(i.usmart_str2num)
    usmart_strcmp                            0x08004611   Thumb Code    34  usmart_str.o(i.usmart_strcmp)
    usmart_strcopy                           0x08004633   Thumb Code    22  usmart_str.o(i.usmart_strcopy)
    usmart_strlen                            0x08004649   Thumb Code    24  usmart_str.o(i.usmart_strlen)
    usmart_sys_cmd_exe                       0x08004661   Thumb Code  1554  usmart.o(i.usmart_sys_cmd_exe)
    write_addr                               0x08004d45   Thumb Code     4  usmart.o(i.write_addr)
    _get_lc_numeric                          0x08004d49   Thumb Code    44  lc_numeric_c.o(locale$$code)
    _get_lc_ctype                            0x08004d75   Thumb Code    44  lc_ctype_c.o(locale$$code)
    _printf_fp_dec                           0x08004da1   Thumb Code     4  printf1.o(x$fpl$printf1)
    _printf_fp_hex                           0x08004da5   Thumb Code     4  printf2.o(x$fpl$printf2)
    __I$use$fp                               0x08004da8   Number         0  usenofp.o(x$fpl$usenofp)
    myasc2_1608                              0x08004da8   Data        1520  mylcd.o(.constdata)
    Region$$Table$$Base                      0x08005680   Number         0  anon$$obj.o(Region$$Table)
    Region$$Table$$Limit                     0x080056a0   Number         0  anon$$obj.o(Region$$Table)
    __ctype                                  0x080056c9   Data           0  lc_ctype_c.o(locale$$data)
    SystemCoreClock                          0x20000000   Data           4  system_stm32f10x.o(.data)
    AHBPrescTable                            0x20000004   Data          16  system_stm32f10x.o(.data)
    __stdout                                 0x20000018   Data           4  usart.o(.data)
    USART_RX_STA                             0x2000001c   Data           2  usart.o(.data)
    USART2_RX_STA                            0x20000032   Data           2  usart2.o(.data)
    Hzk32                                    0x20000034   Data         640  mylcd.o(.data)
    Hzk16                                    0x200002b4   Data         224  mylcd.o(.data)
    myBACK_COLOR                             0x20000394   Data           4  mylcd.o(.data)
    Temp                                     0x20000398   Data           2  exti.o(.data)
    Humidity                                 0x2000039a   Data           2  exti.o(.data)
    sys_cmd_tab                              0x2000039c   Data          28  usmart.o(.data)
    usmart_nametab                           0x200003b8   Data          32  usmart_config.o(.data)
    usmart_dev                               0x200003d8   Data         244  usmart_config.o(.data)
    portnum                                  0x200004cc   Data           4  common.o(.data)
    wifista_ssid                             0x200004d0   Data           4  common.o(.data)
    wifista_encryption                       0x200004d4   Data           4  common.o(.data)
    wifista_password                         0x200004d8   Data           4  common.o(.data)
    wifiap_ssid                              0x200004dc   Data           4  common.o(.data)
    wifiap_encryption                        0x200004e0   Data           4  common.o(.data)
    wifiap_password                          0x200004e4   Data           4  common.o(.data)
    websiteprotocol                          0x200004e8   Data           4  common.o(.data)
    websiteIP                                0x200004ec   Data           4  common.o(.data)
    port                                     0x200004f0   Data           4  common.o(.data)
    mynum                                    0x200004f4   Data           1  common.o(.data)
    Time                                     0x200004f5   Data           5  common.o(.data)
    ATK_ESP8266_CWMODE_TBL                   0x200004fc   Data          12  common.o(.data)
    ATK_ESP8266_WORKMODE_TBL                 0x20000508   Data          12  common.o(.data)
    ATK_ESP8266_ECN_TBL                      0x20000514   Data          20  common.o(.data)
    kbd_tbl                                  0x20000528   Data          52  common.o(.data)
    kbd_fn_tbl                               0x2000055c   Data           8  common.o(.data)
    USART_RX_BUF                             0x20000568   Data         200  usart.o(.bss)
    USART2_TX_BUF                            0x20000630   Data        1024  usart2.o(.bss)
    USART2_RX_BUF                            0x20000a30   Data        2048  usart2.o(.bss)
    mystr                                    0x20001230   Data          30  common.o(.bss)
    __libspace_start                         0x20001250   Data          96  libspace.o(.bss)
    __temporary_stack_top$libspace           0x200012b0   Data           0  libspace.o(.bss)



==============================================================================

Memory Map of the image

  Image Entry point : 0x08000131

  Load Region LR_IROM1 (Base: 0x08000000, Size: 0x00005d34, Max: 0x00010000, ABSOLUTE, COMPRESSED[0x00005ad0])

    Execution Region ER_IROM1 (Base: 0x08000000, Size: 0x000057cc, Max: 0x00010000, ABSOLUTE)

    Base Addr    Size         Type   Attr      Idx    E Section Name        Object

    0x08000000   0x00000130   Data   RO          379    RESET               startup_stm32f10x_hd.o
    0x08000130   0x00000008   Code   RO         5750  * !!!main             c_w.l(__main.o)
    0x08000138   0x00000034   Code   RO         6098    !!!scatter          c_w.l(__scatter.o)
    0x0800016c   0x0000005a   Code   RO         6096    !!dczerorl2         c_w.l(__dczerorl2.o)
    0x080001c6   0x00000002   PAD
    0x080001c8   0x0000001c   Code   RO         6100    !!handler_zi        c_w.l(__scatter_zi.o)
    0x080001e4   0x00000000   Code   RO         5737    .ARM.Collect$$_printf_percent$$00000000  c_w.l(_printf_percent.o)
    0x080001e4   0x00000006   Code   RO         5842    .ARM.Collect$$_printf_percent$$00000001  c_w.l(_printf_n.o)
    0x080001ea   0x00000006   Code   RO         5843    .ARM.Collect$$_printf_percent$$00000002  c_w.l(_printf_p.o)
    0x080001f0   0x00000006   Code   RO         5846    .ARM.Collect$$_printf_percent$$00000003  c_w.l(_printf_f.o)
    0x080001f6   0x00000006   Code   RO         5847    .ARM.Collect$$_printf_percent$$00000004  c_w.l(_printf_e.o)
    0x080001fc   0x00000006   Code   RO         5848    .ARM.Collect$$_printf_percent$$00000005  c_w.l(_printf_g.o)
    0x08000202   0x00000006   Code   RO         5849    .ARM.Collect$$_printf_percent$$00000006  c_w.l(_printf_a.o)
    0x08000208   0x0000000a   Code   RO         5854    .ARM.Collect$$_printf_percent$$00000007  c_w.l(_printf_ll.o)
    0x08000212   0x00000006   Code   RO         5845    .ARM.Collect$$_printf_percent$$00000008  c_w.l(_printf_i.o)
    0x08000218   0x00000006   Code   RO         5735    .ARM.Collect$$_printf_percent$$00000009  c_w.l(_printf_d.o)
    0x0800021e   0x00000006   Code   RO         5736    .ARM.Collect$$_printf_percent$$0000000A  c_w.l(_printf_u.o)
    0x08000224   0x00000006   Code   RO         5844    .ARM.Collect$$_printf_percent$$0000000B  c_w.l(_printf_o.o)
    0x0800022a   0x00000006   Code   RO         5734    .ARM.Collect$$_printf_percent$$0000000C  c_w.l(_printf_x.o)
    0x08000230   0x00000006   Code   RO         5851    .ARM.Collect$$_printf_percent$$0000000D  c_w.l(_printf_lli.o)
    0x08000236   0x00000006   Code   RO         5852    .ARM.Collect$$_printf_percent$$0000000E  c_w.l(_printf_lld.o)
    0x0800023c   0x00000006   Code   RO         5853    .ARM.Collect$$_printf_percent$$0000000F  c_w.l(_printf_llu.o)
    0x08000242   0x00000006   Code   RO         5858    .ARM.Collect$$_printf_percent$$00000010  c_w.l(_printf_llo.o)
    0x08000248   0x00000006   Code   RO         5859    .ARM.Collect$$_printf_percent$$00000011  c_w.l(_printf_llx.o)
    0x0800024e   0x0000000a   Code   RO         5855    .ARM.Collect$$_printf_percent$$00000012  c_w.l(_printf_l.o)
    0x08000258   0x00000006   Code   RO         5732    .ARM.Collect$$_printf_percent$$00000013  c_w.l(_printf_c.o)
    0x0800025e   0x00000006   Code   RO         5733    .ARM.Collect$$_printf_percent$$00000014  c_w.l(_printf_s.o)
    0x08000264   0x00000006   Code   RO         5856    .ARM.Collect$$_printf_percent$$00000015  c_w.l(_printf_lc.o)
    0x0800026a   0x00000006   Code   RO         5857    .ARM.Collect$$_printf_percent$$00000016  c_w.l(_printf_ls.o)
    0x08000270   0x00000004   Code   RO         5850    .ARM.Collect$$_printf_percent$$00000017  c_w.l(_printf_percent_end.o)
    0x08000274   0x00000002   Code   RO         5969    .ARM.Collect$$libinit$$00000000  c_w.l(libinit.o)
    0x08000276   0x00000000   Code   RO         5980    .ARM.Collect$$libinit$$00000002  c_w.l(libinit2.o)
    0x08000276   0x00000000   Code   RO         5983    .ARM.Collect$$libinit$$00000008  c_w.l(libinit2.o)
    0x08000276   0x00000000   Code   RO         5985    .ARM.Collect$$libinit$$0000000A  c_w.l(libinit2.o)
    0x08000276   0x00000000   Code   RO         5987    .ARM.Collect$$libinit$$0000000C  c_w.l(libinit2.o)
    0x08000276   0x00000006   Code   RO         5988    .ARM.Collect$$libinit$$0000000D  c_w.l(libinit2.o)
    0x0800027c   0x00000000   Code   RO         5990    .ARM.Collect$$libinit$$0000000F  c_w.l(libinit2.o)
    0x0800027c   0x0000000c   Code   RO         5991    .ARM.Collect$$libinit$$00000010  c_w.l(libinit2.o)
    0x08000288   0x00000000   Code   RO         5992    .ARM.Collect$$libinit$$00000011  c_w.l(libinit2.o)
    0x08000288   0x00000000   Code   RO         5994    .ARM.Collect$$libinit$$00000013  c_w.l(libinit2.o)
    0x08000288   0x0000000a   Code   RO         5995    .ARM.Collect$$libinit$$00000014  c_w.l(libinit2.o)
    0x08000292   0x00000000   Code   RO         5996    .ARM.Collect$$libinit$$00000015  c_w.l(libinit2.o)
    0x08000292   0x00000000   Code   RO         5998    .ARM.Collect$$libinit$$00000017  c_w.l(libinit2.o)
    0x08000292   0x00000000   Code   RO         6000    .ARM.Collect$$libinit$$00000019  c_w.l(libinit2.o)
    0x08000292   0x00000000   Code   RO         6002    .ARM.Collect$$libinit$$0000001B  c_w.l(libinit2.o)
    0x08000292   0x00000000   Code   RO         6004    .ARM.Collect$$libinit$$0000001D  c_w.l(libinit2.o)
    0x08000292   0x00000000   Code   RO         6006    .ARM.Collect$$libinit$$0000001F  c_w.l(libinit2.o)
    0x08000292   0x00000000   Code   RO         6008    .ARM.Collect$$libinit$$00000021  c_w.l(libinit2.o)
    0x08000292   0x00000000   Code   RO         6010    .ARM.Collect$$libinit$$00000023  c_w.l(libinit2.o)
    0x08000292   0x00000000   Code   RO         6014    .ARM.Collect$$libinit$$0000002A  c_w.l(libinit2.o)
    0x08000292   0x00000000   Code   RO         6016    .ARM.Collect$$libinit$$0000002C  c_w.l(libinit2.o)
    0x08000292   0x00000000   Code   RO         6018    .ARM.Collect$$libinit$$0000002E  c_w.l(libinit2.o)
    0x08000292   0x00000000   Code   RO         6020    .ARM.Collect$$libinit$$00000030  c_w.l(libinit2.o)
    0x08000292   0x00000002   Code   RO         6021    .ARM.Collect$$libinit$$00000031  c_w.l(libinit2.o)
    0x08000294   0x00000002   Code   RO         6039    .ARM.Collect$$libshutdown$$00000000  c_w.l(libshutdown.o)
    0x08000296   0x00000000   Code   RO         6050    .ARM.Collect$$libshutdown$$00000003  c_w.l(libshutdown2.o)
    0x08000296   0x00000000   Code   RO         6053    .ARM.Collect$$libshutdown$$00000006  c_w.l(libshutdown2.o)
    0x08000296   0x00000000   Code   RO         6056    .ARM.Collect$$libshutdown$$00000009  c_w.l(libshutdown2.o)
    0x08000296   0x00000000   Code   RO         6058    .ARM.Collect$$libshutdown$$0000000B  c_w.l(libshutdown2.o)
    0x08000296   0x00000000   Code   RO         6061    .ARM.Collect$$libshutdown$$0000000E  c_w.l(libshutdown2.o)
    0x08000296   0x00000002   Code   RO         6062    .ARM.Collect$$libshutdown$$0000000F  c_w.l(libshutdown2.o)
    0x08000298   0x00000000   Code   RO         5814    .ARM.Collect$$rtentry$$00000000  c_w.l(rtentry.o)
    0x08000298   0x00000000   Code   RO         5884    .ARM.Collect$$rtentry$$00000002  c_w.l(rtentry2.o)
    0x08000298   0x00000006   Code   RO         5896    .ARM.Collect$$rtentry$$00000004  c_w.l(rtentry4.o)
    0x0800029e   0x00000000   Code   RO         5886    .ARM.Collect$$rtentry$$00000009  c_w.l(rtentry2.o)
    0x0800029e   0x00000004   Code   RO         5887    .ARM.Collect$$rtentry$$0000000A  c_w.l(rtentry2.o)
    0x080002a2   0x00000000   Code   RO         5889    .ARM.Collect$$rtentry$$0000000C  c_w.l(rtentry2.o)
    0x080002a2   0x00000008   Code   RO         5890    .ARM.Collect$$rtentry$$0000000D  c_w.l(rtentry2.o)
    0x080002aa   0x00000002   Code   RO         5974    .ARM.Collect$$rtexit$$00000000  c_w.l(rtexit.o)
    0x080002ac   0x00000000   Code   RO         6023    .ARM.Collect$$rtexit$$00000002  c_w.l(rtexit2.o)
    0x080002ac   0x00000004   Code   RO         6024    .ARM.Collect$$rtexit$$00000003  c_w.l(rtexit2.o)
    0x080002b0   0x00000006   Code   RO         6025    .ARM.Collect$$rtexit$$00000004  c_w.l(rtexit2.o)
    0x080002b6   0x00000002   PAD
    0x080002b8   0x00000040   Code   RO          380    .text               startup_stm32f10x_hd.o
    0x080002f8   0x00000002   Code   RO         5671    .text               c_w.l(use_no_semi_2.o)
    0x080002fa   0x00000002   PAD
    0x080002fc   0x00000024   Code   RO         5673    .text               c_w.l(vsprintf.o)
    0x08000320   0x00000018   Code   RO         5675    .text               c_w.l(__2printf.o)
    0x08000338   0x0000004e   Code   RO         5685    .text               c_w.l(_printf_pad.o)
    0x08000386   0x00000052   Code   RO         5687    .text               c_w.l(_printf_str.o)
    0x080003d8   0x00000074   Code   RO         5689    .text               c_w.l(_printf_dec.o)
    0x0800044c   0x00000094   Code   RO         5709    .text               c_w.l(_printf_hex_int_ll_ptr.o)
    0x080004e0   0x00000188   Code   RO         5729    .text               c_w.l(__printf_flags_ss_wp.o)
    0x08000668   0x00000024   Code   RO         5738    .text               c_w.l(strstr.o)
    0x0800068c   0x0000003e   Code   RO         5742    .text               c_w.l(strlen.o)
    0x080006ca   0x00000002   PAD
    0x080006cc   0x00000080   Code   RO         5746    .text               c_w.l(strcmpv7m.o)
    0x0800074c   0x00000006   Code   RO         5748    .text               c_w.l(heapauxi.o)
    0x08000752   0x00000002   Code   RO         5812    .text               c_w.l(use_no_semi.o)
    0x08000754   0x00000024   Code   RO         5817    .text               c_w.l(_printf_truncate.o)
    0x08000778   0x000000b2   Code   RO         5819    .text               c_w.l(_printf_intcommon.o)
    0x0800082a   0x00000028   Code   RO         5821    .text               c_w.l(_printf_charcount.o)
    0x08000852   0x00000002   PAD
    0x08000854   0x00000030   Code   RO         5823    .text               c_w.l(_printf_char_common.o)
    0x08000884   0x0000000a   Code   RO         5825    .text               c_w.l(_sputc.o)
    0x0800088e   0x0000002c   Code   RO         5827    .text               c_w.l(_printf_char.o)
    0x080008ba   0x00000002   PAD
    0x080008bc   0x00000024   Code   RO         5829    .text               c_w.l(_printf_char_file.o)
    0x080008e0   0x000000bc   Code   RO         5831    .text               c_w.l(_printf_wctomb.o)
    0x0800099c   0x00000078   Code   RO         5834    .text               c_w.l(_printf_longlong_dec.o)
    0x08000a14   0x00000070   Code   RO         5840    .text               c_w.l(_printf_oct_int_ll.o)
    0x08000a84   0x0000008a   Code   RO         5903    .text               c_w.l(lludiv10.o)
    0x08000b0e   0x00000416   Code   RO         5905    .text               c_w.l(_printf_fp_dec.o)
    0x08000f24   0x000002f8   Code   RO         5907    .text               c_w.l(_printf_fp_hex.o)
    0x0800121c   0x0000002c   Code   RO         5912    .text               c_w.l(_printf_wchar.o)
    0x08001248   0x00000008   Code   RO         5914    .text               c_w.l(ferror.o)
    0x08001250   0x00000040   Code   RO         5918    .text               c_w.l(_wcrtomb.o)
    0x08001290   0x00000008   Code   RO         5920    .text               c_w.l(libspace.o)
    0x08001298   0x0000004a   Code   RO         5923    .text               c_w.l(sys_stackheap_outer.o)
    0x080012e2   0x00000002   PAD
    0x080012e4   0x00000010   Code   RO         5925    .text               c_w.l(rt_ctype_table.o)
    0x080012f4   0x00000008   Code   RO         5930    .text               c_w.l(rt_locale_intlibspace.o)
    0x080012fc   0x00000080   Code   RO         5932    .text               c_w.l(_printf_fp_infnan.o)
    0x0800137c   0x000000d8   Code   RO         5934    .text               c_w.l(bigflt0.o)
    0x08001454   0x0000000c   Code   RO         5962    .text               c_w.l(exit.o)
    0x08001460   0x0000003e   Code   RO         5937    CL$$btod_d2e        c_w.l(btod.o)
    0x0800149e   0x00000046   Code   RO         5939    CL$$btod_d2e_denorm_low  c_w.l(btod.o)
    0x080014e4   0x00000060   Code   RO         5938    CL$$btod_d2e_norm_op1  c_w.l(btod.o)
    0x08001544   0x00000338   Code   RO         5947    CL$$btod_div_common  c_w.l(btod.o)
    0x0800187c   0x000000c6   Code   RO         5944    CL$$btod_e2e        c_w.l(btod.o)
    0x08001942   0x00000028   Code   RO         5941    CL$$btod_ediv       c_w.l(btod.o)
    0x0800196a   0x00000028   Code   RO         5940    CL$$btod_emul       c_w.l(btod.o)
    0x08001992   0x00000244   Code   RO         5946    CL$$btod_mult_common  c_w.l(btod.o)
    0x08001bd6   0x00000004   Code   RO          157    i.BusFault_Handler  stm32f10x_it.o
    0x08001bda   0x00000018   Code   RO         1132    i.DMA_Cmd           stm32f10x_dma.o
    0x08001bf2   0x00000002   PAD
    0x08001bf4   0x0000014c   Code   RO         1133    i.DMA_DeInit        stm32f10x_dma.o
    0x08001d40   0x00000008   Code   RO         1134    i.DMA_GetCurrDataCounter  stm32f10x_dma.o
    0x08001d48   0x0000003c   Code   RO         1138    i.DMA_Init          stm32f10x_dma.o
    0x08001d84   0x00000004   Code   RO         1139    i.DMA_SetCurrDataCounter  stm32f10x_dma.o
    0x08001d88   0x00000002   Code   RO          158    i.DebugMon_Handler  stm32f10x_it.o
    0x08001d8a   0x00000002   PAD
    0x08001d8c   0x00000284   Code   RO         4524    i.EXTI0_IRQHandler  exti.o
    0x08002010   0x00000052   Code   RO         4525    i.EXTIX_Init        exti.o
    0x08002062   0x00000002   PAD
    0x08002064   0x0000000c   Code   RO         1203    i.EXTI_ClearITPendingBit  stm32f10x_exti.o
    0x08002070   0x00000094   Code   RO         1208    i.EXTI_Init         stm32f10x_exti.o
    0x08002104   0x00000040   Code   RO         1562    i.GPIO_EXTILineConfig  stm32f10x_gpio.o
    0x08002144   0x00000116   Code   RO         1565    i.GPIO_Init         stm32f10x_gpio.o
    0x0800225a   0x00000012   Code   RO         1569    i.GPIO_ReadInputDataBit  stm32f10x_gpio.o
    0x0800226c   0x00000004   Code   RO         1572    i.GPIO_ResetBits    stm32f10x_gpio.o
    0x08002270   0x00000004   Code   RO         1573    i.GPIO_SetBits      stm32f10x_gpio.o
    0x08002274   0x00000004   Code   RO          159    i.HardFault_Handler  stm32f10x_it.o
    0x08002278   0x0000005c   Code   RO         4352    i.Hardware_SPI_Init  mylcd.o
    0x080022d4   0x00000050   Code   RO         4297    i.IIC_Ack           myiic.o
    0x08002324   0x00000034   Code   RO         4298    i.IIC_Init          myiic.o
    0x08002358   0x00000050   Code   RO         4299    i.IIC_NAck          myiic.o
    0x080023a8   0x00000070   Code   RO         4300    i.IIC_Read_Byte     myiic.o
    0x08002418   0x00000068   Code   RO         4301    i.IIC_Send_Byte     myiic.o
    0x08002480   0x0000004c   Code   RO         4302    i.IIC_Start         myiic.o
    0x080024cc   0x0000004c   Code   RO         4303    i.IIC_Stop          myiic.o
    0x08002518   0x00000064   Code   RO         4304    i.IIC_Wait_Ack      myiic.o
    0x0800257c   0x00000024   Code   RO         3459    i.KEY_Init          key.o
    0x080025a0   0x000001f8   Code   RO         4353    i.Lcd_Init          mylcd.o
    0x08002798   0x00000004   Code   RO          160    i.MemManage_Handler  stm32f10x_it.o
    0x0800279c   0x00000002   Code   RO          161    i.NMI_Handler       stm32f10x_it.o
    0x0800279e   0x00000002   PAD
    0x080027a0   0x00000070   Code   RO          384    i.NVIC_Init         misc.o
    0x08002810   0x00000014   Code   RO          385    i.NVIC_PriorityGroupConfig  misc.o
    0x08002824   0x00000002   Code   RO          162    i.PendSV_Handler    stm32f10x_it.o
    0x08002826   0x00000002   PAD
    0x08002828   0x00000020   Code   RO         1989    i.RCC_AHBPeriphClockCmd  stm32f10x_rcc.o
    0x08002848   0x00000020   Code   RO         1990    i.RCC_APB1PeriphClockCmd  stm32f10x_rcc.o
    0x08002868   0x00000020   Code   RO         1991    i.RCC_APB1PeriphResetCmd  stm32f10x_rcc.o
    0x08002888   0x00000020   Code   RO         1992    i.RCC_APB2PeriphClockCmd  stm32f10x_rcc.o
    0x080028a8   0x00000020   Code   RO         1993    i.RCC_APB2PeriphResetCmd  stm32f10x_rcc.o
    0x080028c8   0x000000d4   Code   RO         2000    i.RCC_GetClocksFreq  stm32f10x_rcc.o
    0x0800299c   0x00000090   Code   RO         3407    i.SHT31_Getdata     24cxx.o
    0x08002a2c   0x00000018   Code   RO         2475    i.SPI_Cmd           stm32f10x_spi.o
    0x08002a44   0x00000012   Code   RO         2483    i.SPI_I2S_GetFlagStatus  stm32f10x_spi.o
    0x08002a56   0x00000004   Code   RO         2487    i.SPI_I2S_SendData  stm32f10x_spi.o
    0x08002a5a   0x0000003c   Code   RO         2488    i.SPI_Init          stm32f10x_spi.o
    0x08002a96   0x00000002   PAD
    0x08002a98   0x00000054   Code   RO         4354    i.STM_Port_Init     mylcd.o
    0x08002aec   0x00000002   Code   RO          163    i.SVC_Handler       stm32f10x_it.o
    0x08002aee   0x00000008   Code   RO          237    i.SetSysClock       system_stm32f10x.o
    0x08002af6   0x00000002   PAD
    0x08002af8   0x000000e0   Code   RO          238    i.SetSysClockTo72   system_stm32f10x.o
    0x08002bd8   0x00000028   Code   RO          388    i.SysTick_CLKSourceConfig  misc.o
    0x08002c00   0x00000002   Code   RO          164    i.SysTick_Handler   stm32f10x_it.o
    0x08002c02   0x00000002   PAD
    0x08002c04   0x00000060   Code   RO          240    i.SystemInit        system_stm32f10x.o
    0x08002c64   0x00000038   Code   RO         4576    i.TIM2_IRQHandler   usmart.o
    0x08002c9c   0x00000030   Code   RO         4022    i.TIM4_IRQHandler   usart2.o
    0x08002ccc   0x00000058   Code   RO         4023    i.TIM4_Init         usart2.o
    0x08002d24   0x00000028   Code   RO         4024    i.TIM4_Set          usart2.o
    0x08002d4c   0x00000006   Code   RO         2625    i.TIM_ClearITPendingBit  stm32f10x_tim.o
    0x08002d52   0x00000018   Code   RO         2630    i.TIM_Cmd           stm32f10x_tim.o
    0x08002d6a   0x00000022   Code   RO         2651    i.TIM_GetITStatus   stm32f10x_tim.o
    0x08002d8c   0x00000012   Code   RO         2655    i.TIM_ITConfig      stm32f10x_tim.o
    0x08002d9e   0x00000004   Code   RO         2695    i.TIM_SetCounter    stm32f10x_tim.o
    0x08002da2   0x00000002   PAD
    0x08002da4   0x000000a4   Code   RO         2701    i.TIM_TimeBaseInit  stm32f10x_tim.o
    0x08002e48   0x0000005a   Code   RO         4577    i.Timer2_Init       usmart.o
    0x08002ea2   0x00000048   Code   RO         4025    i.UART_DMA_Config   usart2.o
    0x08002eea   0x00000020   Code   RO         4026    i.UART_DMA_Enable   usart2.o
    0x08002f0a   0x00000002   PAD
    0x08002f0c   0x00000088   Code   RO          326    i.USART1_IRQHandler  usart.o
    0x08002f94   0x00000064   Code   RO         4027    i.USART2_IRQHandler  usart2.o
    0x08002ff8   0x000000e4   Code   RO         4028    i.USART2_Init       usart2.o
    0x080030dc   0x00000018   Code   RO         3166    i.USART_Cmd         stm32f10x_usart.o
    0x080030f4   0x00000012   Code   RO         3167    i.USART_DMACmd      stm32f10x_usart.o
    0x08003106   0x00000002   PAD
    0x08003108   0x0000009c   Code   RO         3168    i.USART_DeInit      stm32f10x_usart.o
    0x080031a4   0x00000054   Code   RO         3170    i.USART_GetITStatus  stm32f10x_usart.o
    0x080031f8   0x0000004a   Code   RO         3172    i.USART_ITConfig    stm32f10x_usart.o
    0x08003242   0x00000002   PAD
    0x08003244   0x000000d8   Code   RO         3173    i.USART_Init        stm32f10x_usart.o
    0x0800331c   0x0000000a   Code   RO         3180    i.USART_ReceiveData  stm32f10x_usart.o
    0x08003326   0x00000004   Code   RO          165    i.UsageFault_Handler  stm32f10x_it.o
    0x0800332a   0x00000028   Code   RO         5972    i.__ARM_fpclassify  m_ws.l(fpclassify.o)
    0x08003352   0x0000000e   Code   RO         5722    i._is_digit         c_w.l(__printf_wp.o)
    0x08003360   0x00000004   Code   RO          327    i._sys_exit         usart.o
    0x08003364   0x0000003c   Code   RO         5435    i.atk_8266_at_response  common.o
    0x080033a0   0x00000034   Code   RO         5436    i.atk_8266_check_cmd  common.o
    0x080033d4   0x00000070   Code   RO         5448    i.atk_8266_quit_trans  common.o
    0x08003444   0x00000060   Code   RO         5449    i.atk_8266_send_cmd  common.o
    0x080034a4   0x00000044   Code   RO          271    i.delay_init        delay.o
    0x080034e8   0x0000004c   Code   RO          272    i.delay_ms          delay.o
    0x08003534   0x0000004c   Code   RO          273    i.delay_us          delay.o
    0x08003580   0x0000001c   Code   RO          328    i.fputc             usart.o
    0x0800359c   0x000000c4   Code   RO         5453    i.get_time          common.o
    0x08003660   0x000000b8   Code   RO            1    i.main              main.o
    0x08003718   0x0000003a   Code   RO         4355    i.myLCD_Address_Set  mylcd.o
    0x08003752   0x0000002c   Code   RO         4356    i.myLCD_Clear       mylcd.o
    0x0800377e   0x0000001c   Code   RO         4362    i.myLCD_DrawPoint   mylcd.o
    0x0800379a   0x00000002   PAD
    0x0800379c   0x00000020   Code   RO         4366    i.myLCD_SPIWrit_Bus  mylcd.o
    0x080037bc   0x000000d0   Code   RO         4367    i.myLCD_ShowChar    mylcd.o
    0x0800388c   0x00000080   Code   RO         4369    i.myLCD_ShowNum     mylcd.o
    0x0800390c   0x00000040   Code   RO         4371    i.myLCD_ShowString  mylcd.o
    0x0800394c   0x00000038   Code   RO         4372    i.myLCD_WR_DATA     mylcd.o
    0x08003984   0x00000030   Code   RO         4373    i.myLCD_WR_DATA8    mylcd.o
    0x080039b4   0x00000030   Code   RO         4374    i.myLCD_WR_REG      mylcd.o
    0x080039e4   0x00000178   Code   RO         5454    i.my_atk_8266_wifista_config  common.o
    0x08003b5c   0x00000016   Code   RO         4376    i.mypow             mylcd.o
    0x08003b72   0x00000006   Code   RO         4578    i.read_addr         usmart.o
    0x08003b78   0x00000040   Code   RO         4029    i.u2_printf         usart2.o
    0x08003bb8   0x000000a0   Code   RO          329    i.uart_init         usart.o
    0x08003c58   0x000000b0   Code   RO         4579    i.usmart_cmd_rec    usmart.o
    0x08003d08   0x000002d8   Code   RO         4580    i.usmart_exe        usmart.o
    0x08003fe0   0x000000c8   Code   RO         4668    i.usmart_get_aparm  usmart_str.o
    0x080040a8   0x00000036   Code   RO         4669    i.usmart_get_cmdname  usmart_str.o
    0x080040de   0x00000002   PAD
    0x080040e0   0x000001c0   Code   RO         4670    i.usmart_get_fname  usmart_str.o
    0x080042a0   0x0000010c   Code   RO         4671    i.usmart_get_fparam  usmart_str.o
    0x080043ac   0x00000020   Code   RO         4672    i.usmart_get_parmpos  usmart_str.o
    0x080043cc   0x00000040   Code   RO         4581    i.usmart_get_runtime  usmart.o
    0x0800440c   0x00000028   Code   RO         4582    i.usmart_init       usmart.o
    0x08004434   0x00000016   Code   RO         4673    i.usmart_pow        usmart_str.o
    0x0800444a   0x00000002   PAD
    0x0800444c   0x00000028   Code   RO         4583    i.usmart_reset_runtime  usmart.o
    0x08004474   0x000000bc   Code   RO         4584    i.usmart_scan       usmart.o
    0x08004530   0x00000016   Code   RO         4674    i.usmart_search_nextc  usmart_str.o
    0x08004546   0x000000ca   Code   RO         4675    i.usmart_str2num    usmart_str.o
    0x08004610   0x00000022   Code   RO         4676    i.usmart_strcmp     usmart_str.o
    0x08004632   0x00000016   Code   RO         4677    i.usmart_strcopy    usmart_str.o
    0x08004648   0x00000018   Code   RO         4678    i.usmart_strlen     usmart_str.o
    0x08004660   0x000006e4   Code   RO         4585    i.usmart_sys_cmd_exe  usmart.o
    0x08004d44   0x00000004   Code   RO         4586    i.write_addr        usmart.o
    0x08004d48   0x0000002c   Code   RO         5960    locale$$code        c_w.l(lc_numeric_c.o)
    0x08004d74   0x0000002c   Code   RO         5977    locale$$code        c_w.l(lc_ctype_c.o)
    0x08004da0   0x00000004   Code   RO         5874    x$fpl$printf1       fz_ws.l(printf1.o)
    0x08004da4   0x00000004   Code   RO         5876    x$fpl$printf2       fz_ws.l(printf2.o)
    0x08004da8   0x00000000   Code   RO         5882    x$fpl$usenofp       fz_ws.l(usenofp.o)
    0x08004da8   0x00000610   Data   RO         4377    .constdata          mylcd.o
    0x080053b8   0x00000028   Data   RO         5710    .constdata          c_w.l(_printf_hex_int_ll_ptr.o)
    0x080053e0   0x00000011   Data   RO         5730    .constdata          c_w.l(__printf_flags_ss_wp.o)
    0x080053f1   0x00000003   PAD
    0x080053f4   0x00000008   Data   RO         5832    .constdata          c_w.l(_printf_wctomb.o)
    0x080053fc   0x00000026   Data   RO         5908    .constdata          c_w.l(_printf_fp_hex.o)
    0x08005422   0x00000002   PAD
    0x08005424   0x00000094   Data   RO         5935    .constdata          c_w.l(bigflt0.o)
    0x080054b8   0x00000028   Data   RO         4587    .conststring        usmart.o
    0x080054e0   0x00000090   Data   RO         4652    .conststring        usmart_config.o
    0x08005570   0x0000010e   Data   RO         5456    .conststring        common.o
    0x0800567e   0x00000002   PAD
    0x08005680   0x00000020   Data   RO         6094    Region$$Table       anon$$obj.o
    0x080056a0   0x0000001c   Data   RO         5959    locale$$data        c_w.l(lc_numeric_c.o)
    0x080056bc   0x00000110   Data   RO         5976    locale$$data        c_w.l(lc_ctype_c.o)


    Execution Region RW_IRAM1 (Base: 0x20000000, Size: 0x000018b0, Max: 0x00005000, ABSOLUTE, COMPRESSED[0x00000304])

    Base Addr    Size         Type   Attr      Idx    E Section Name        Object

    0x20000000   0x00000014   Data   RW          241    .data               system_stm32f10x.o
    0x20000014   0x00000004   Data   RW          274    .data               delay.o
    0x20000018   0x00000006   Data   RW          331    .data               usart.o
    0x2000001e   0x00000014   Data   RW         2020    .data               stm32f10x_rcc.o
    0x20000032   0x00000002   Data   RW         4031    .data               usart2.o
    0x20000034   0x00000364   Data   RW         4378    .data               mylcd.o
    0x20000398   0x00000004   Data   RW         4526    .data               exti.o
    0x2000039c   0x0000001c   Data   RW         4588    .data               usmart.o
    0x200003b8   0x00000114   Data   RW         4653    .data               usmart_config.o
    0x200004cc   0x00000099   Data   RW         5457    .data               common.o
    0x20000565   0x00000003   PAD
    0x20000568   0x000000c8   Zero   RW          330    .bss                usart.o
    0x20000630   0x00000c00   Zero   RW         4030    .bss                usart2.o
    0x20001230   0x0000001e   Zero   RW         5455    .bss                common.o
    0x2000124e   0x00000002   PAD
    0x20001250   0x00000060   Zero   RW         5921    .bss                c_w.l(libspace.o)
    0x200012b0   0x00000200   Zero   RW          378    HEAP                startup_stm32f10x_hd.o
    0x200014b0   0x00000400   Zero   RW          377    STACK               startup_stm32f10x_hd.o


==============================================================================

Image component sizes


      Code (inc. data)   RO Data    RW Data    ZI Data      Debug   Object Name

       144          0          0          0          0        980   24cxx.o
       892        286        270        153         30       5608   common.o
       220         26          0          4          0       1695   delay.o
       726        106          0          4          0       2376   exti.o
        36          4          0          0          0        483   key.o
       184         58          0          0          0     269855   main.o
       172         22          0          0          0       2049   misc.o
       680        102          0          0          0       4202   myiic.o
      1416         44       1552        868          0       9498   mylcd.o
        64         26        304          0       1536        784   startup_stm32f10x_hd.o
       428          8          0          0          0       4524   stm32f10x_dma.o
       160         12          0          0          0       3673   stm32f10x_exti.o
       368          4          0          0          0       4250   stm32f10x_gpio.o
        26          0          0          0          0       3694   stm32f10x_it.o
       372         50          0         20          0       6136   stm32f10x_rcc.o
       106          0          0          0          0       3276   stm32f10x_spi.o
       250         42          0          0          0       4067   stm32f10x_tim.o
       582         28          0          0          0       6132   stm32f10x_usart.o
         0          0          0          0          0         32   sys.o
       328         28          0         20          0       2077   system_stm32f10x.o
       328         26          0          6        200       4092   usart.o
       672         66          0          2       3072       6019   usart2.o
      3156       1316         40         28          0       7470   usmart.o
         0          0        144        276          0       1648   usmart_config.o
      1328         20          0          0          0       8277   usmart_str.o

    ----------------------------------------------------------------------
     12668       2274       2344       1384       4840     362897   Object Totals
         0          0         32          0          0          0   (incl. Generated)
        30          0          2          3          2          0   (incl. Padding)

    ----------------------------------------------------------------------

      Code (inc. data)   RO Data    RW Data    ZI Data      Debug   Library Member Name

        24          4          0          0          0         84   __2printf.o
        90          0          0          0          0          0   __dczerorl2.o
         8          0          0          0          0         68   __main.o
       392          4         17          0          0         92   __printf_flags_ss_wp.o
        14          0          0          0          0         68   __printf_wp.o
        52          8          0          0          0          0   __scatter.o
        28          0          0          0          0          0   __scatter_zi.o
         6          0          0          0          0          0   _printf_a.o
         6          0          0          0          0          0   _printf_c.o
        44          0          0          0          0        108   _printf_char.o
        48          6          0          0          0         96   _printf_char_common.o
        36          4          0          0          0         80   _printf_char_file.o
        40          0          0          0          0         68   _printf_charcount.o
         6          0          0          0          0          0   _printf_d.o
       116         16          0          0          0         92   _printf_dec.o
         6          0          0          0          0          0   _printf_e.o
         6          0          0          0          0          0   _printf_f.o
      1046          0          0          0          0        216   _printf_fp_dec.o
       760         10         38          0          0        100   _printf_fp_hex.o
       128         16          0          0          0         84   _printf_fp_infnan.o
         6          0          0          0          0          0   _printf_g.o
       148          4         40          0          0        160   _printf_hex_int_ll_ptr.o
         6          0          0          0          0          0   _printf_i.o
       178          0          0          0          0         88   _printf_intcommon.o
        10          0          0          0          0          0   _printf_l.o
         6          0          0          0          0          0   _printf_lc.o
        10          0          0          0          0          0   _printf_ll.o
         6          0          0          0          0          0   _printf_lld.o
         6          0          0          0          0          0   _printf_lli.o
         6          0          0          0          0          0   _printf_llo.o
         6          0          0          0          0          0   _printf_llu.o
         6          0          0          0          0          0   _printf_llx.o
       120         16          0          0          0         92   _printf_longlong_dec.o
         6          0          0          0          0          0   _printf_ls.o
         6          0          0          0          0          0   _printf_n.o
         6          0          0          0          0          0   _printf_o.o
       112          8          0          0          0        124   _printf_oct_int_ll.o
         6          0          0          0          0          0   _printf_p.o
        78          0          0          0          0        108   _printf_pad.o
         0          0          0          0          0          0   _printf_percent.o
         4          0          0          0          0          0   _printf_percent_end.o
         6          0          0          0          0          0   _printf_s.o
        82          0          0          0          0         80   _printf_str.o
        36          0          0          0          0         84   _printf_truncate.o
         6          0          0          0          0          0   _printf_u.o
        44          0          0          0          0        108   _printf_wchar.o
       188          6          8          0          0         92   _printf_wctomb.o
         6          0          0          0          0          0   _printf_x.o
        10          0          0          0          0         68   _sputc.o
        64          0          0          0          0         92   _wcrtomb.o
       216          4        148          0          0         96   bigflt0.o
      1910        128          0          0          0        672   btod.o
        12          0          0          0          0         72   exit.o
         8          0          0          0          0         68   ferror.o
         6          0          0          0          0        152   heapauxi.o
        44         10        272          0          0         76   lc_ctype_c.o
        44         10         28          0          0         76   lc_numeric_c.o
         2          0          0          0          0          0   libinit.o
        30          0          0          0          0          0   libinit2.o
         2          0          0          0          0          0   libshutdown.o
         2          0          0          0          0          0   libshutdown2.o
         8          4          0          0         96         68   libspace.o
       138          0          0          0          0         80   lludiv10.o
        16          4          0          0          0         76   rt_ctype_table.o
         8          4          0          0          0         68   rt_locale_intlibspace.o
         0          0          0          0          0          0   rtentry.o
        12          0          0          0          0          0   rtentry2.o
         6          0          0          0          0          0   rtentry4.o
         2          0          0          0          0          0   rtexit.o
        10          0          0          0          0          0   rtexit2.o
       128          0          0          0          0         68   strcmpv7m.o
        62          0          0          0          0         76   strlen.o
        36          0          0          0          0         80   strstr.o
        74          0          0          0          0         80   sys_stackheap_outer.o
         2          0          0          0          0         68   use_no_semi.o
         2          0          0          0          0         68   use_no_semi_2.o
        36          4          0          0          0         76   vsprintf.o
         4          0          0          0          0         68   printf1.o
         4          0          0          0          0         68   printf2.o
         0          0          0          0          0          0   usenofp.o
        40          0          0          0          0         68   fpclassify.o

    ----------------------------------------------------------------------
      6908        270        556          0         96       4476   Library Totals
        14          0          5          0          0          0   (incl. Padding)

    ----------------------------------------------------------------------

      Code (inc. data)   RO Data    RW Data    ZI Data      Debug   Library Name

      6846        270        551          0         96       4272   c_w.l
         8          0          0          0          0        136   fz_ws.l
        40          0          0          0          0         68   m_ws.l

    ----------------------------------------------------------------------
      6908        270        556          0         96       4476   Library Totals

    ----------------------------------------------------------------------

==============================================================================


      Code (inc. data)   RO Data    RW Data    ZI Data      Debug   

     19576       2544       2900       1384       4936     358893   Grand Totals
     19576       2544       2900        772       4936     358893   ELF Image Totals (compressed)
     19576       2544       2900        772          0          0   ROM Totals

==============================================================================

    Total RO  Size (Code + RO Data)                22476 (  21.95kB)
    Total RW  Size (RW Data + ZI Data)              6320 (   6.17kB)
    Total ROM Size (Code + RO Data + RW Data)      23248 (  22.70kB)

==============================================================================

